# analysis log: coupling_band_sweep
# timestamp: 2026-07-27T16:58:35.453492
# command: scripts/coupling_band_sweep.py --workers 6
# is there a w0 band where the D095-weak fitness can read the task? (D133)
#====================================================================

[logging to runs/coupling_band\20260727-165835_coupling_band_sweep.log]
N=100 n_in=10 density=0.30 genomes=8 draws=3 trials=300 workers=6
w0 multipliers on w0_for_density(0.30)=0.600; 1.0 IS the study's current setting.
Task is `accumulate` -- the only candidate that cleared chance in the screen.

   1/64 done [407s]
   2/64 done [411s]
   3/64 done [411s]
   4/64 done [411s]
   5/64 done [411s]
   6/64 done [411s]
   7/64 done [799s]
   8/64 done [803s]
   9/64 done [803s]
   10/64 done [804s]
   11/64 done [804s]
   12/64 done [804s]
   13/64 done [1159s]
   14/64 done [1160s]
   15/64 done [1160s]
   16/64 done [1163s]
   17/64 done [1163s]
   18/64 done [1173s]
   19/64 done [1514s]
   20/64 done [1516s]
   21/64 done [1522s]
   22/64 done [1522s]
   23/64 done [1522s]
   24/64 done [1524s]
   25/64 done [1901s]
   26/64 done [1919s]
   27/64 done [1919s]
   28/64 done [1919s]
   29/64 done [1919s]
   30/64 done [1919s]
   31/64 done [2327s]
   32/64 done [2335s]
   33/64 done [2363s]
   34/64 done [2397s]
   35/64 done [2397s]
   36/64 done [2397s]
   37/64 done [2786s]
   38/64 done [2786s]
   39/64 done [2787s]
   40/64 done [2804s]
   41/64 done [2857s]
   42/64 done [2928s]
   43/64 done [3208s]
   44/64 done [3257s]
   45/64 done [3316s]
   46/64 done [3316s]
   47/64 done [3316s]
   48/64 done [3435s]
   49/64 done [3898s]
   50/64 done [3898s]
   51/64 done [3898s]
   52/64 done [3898s]
   53/64 done [4038s]
   54/64 done [4038s]
   55/64 done [4122s]
   56/64 done [4330s]
   57/64 done [4495s]
   58/64 done [4495s]
   59/64 done [4495s]
   60/64 done [4495s]
   61/64 done [4714s]
   62/64 done [4714s]
   63/64 done [4714s]
   64/64 done [4786s]

  chance |r| = 0.169 (per-neuron, n_test=150)

  w0x  | hop0        | hop1        | designated  | FITNESS (sd) | reliability | rate
  -----+-------------+-------------+-------------+--------------+-------------+------
  1    | 0.371*      | 0.066       | 0.057       | 0.089  (0.037)|    0.396    | 0.213
  2    | 0.341*      | 0.084       | 0.064       | 0.083  (0.038)|    0.380    | 0.200
  3    | 0.319*      | 0.095       | 0.062       | 0.096  (0.027)|    0.240    | 0.204
  4    | 0.295*      | 0.101       | 0.066       | 0.105  (0.027)|    0.151    | 0.216
  6    | 0.255*      | 0.105       | 0.085       | 0.117  (0.079)|    0.753    | 0.257
  8    | 0.187*      | 0.090       | 0.074       | 0.085  (0.083)|    0.833    | 0.367
  12   | 0.124       | 0.061       | 0.057       | 0.061  (0.062)|    0.762    | 0.702
  16   | 0.091       | 0.048       | 0.037       | 0.060  (0.048)|    0.753    | 0.810
  (* = above chance. FITNESS is the D095 2-param affine on the designated cell, held out.)

READ:
  NO w0 GIVES A READABLE FITNESS WITH THE DRIVEN REPRESENTATION INTACT. The two curves
  do not overlap: coupling strong enough to cross the synapse is strong enough to
  swamp the input. That is STRUCTURAL -- the response is to change the readout
  (D127's all-neuron arm) or the input wiring, not the operating point.
