# analysis log: trial_delay_sweep
# timestamp: 2026-07-24T20:57:02.646538
# command: scripts/trial_delay_sweep.py --n 20 --draws 6 --delays 1 2
# delay sweep [1, 2] segments (x50ms); n=20 draws=6 n_val=40
#====================================================================

[logging to runs/delay_sweep\20260724-205702_trial_delay_sweep.log]
DELAY SWEEP  (reliability = ICC, the conservative estimate; a real gen-0 gradient needs
signal_sd above the noise floor AND reliability climbing with n_assays)
n=20 draws=6 n_val=40 assays=[1, 2, 4] dev_ms=16000

==========================================================================================
POPULATION: RANDOM
==========================================================================================
 delay | basis        | signal_sd | noise_sd | reliability(ICC) a1  a2  a4
 ------+--------------+-----------+----------+----------------------------------------
    genome  0 done
    genome  1 done
    genome  2 done
    genome  3 done
    genome  4 done
    genome  5 done
    genome  6 done
    genome  7 done
    genome  8 done
    genome  9 done
    genome 10 done
    genome 11 done
    genome 12 done
    genome 13 done
    genome 14 done
    genome 15 done
    genome 16 done
    genome 17 done
    genome 18 done
    genome 19 done
  50ms | trial_score  |  0.0000   |  0.0306  | 0.00  0.00  0.00
  50ms | val_acc      |  0.0175   |  0.0491  | 0.11  0.20  0.34
    genome  0 done
    genome  1 done
    genome  2 done
    genome  3 done
    genome  4 done
    genome  5 done
    genome  6 done
    genome  7 done
    genome  8 done
    genome  9 done
    genome 10 done
    genome 11 done
    genome 12 done
    genome 13 done
    genome 14 done
    genome 15 done
    genome 16 done
    genome 17 done
    genome 18 done
    genome 19 done
  100ms | trial_score  |  0.0000   |  0.0296  | 0.00  0.00  0.00
  100ms | val_acc      |  0.0166   |  0.0534  | 0.09  0.16  0.28

READ:
  * signal_sd rises and reliability clears ~0.3-0.4 at 0 ms but not 50 ms  -> the delay
    (maintenance) is what flattens the gradient; run the study at delay=0 (a clean fixed
    rung: pure binding, no memory) rather than a curriculum.
  * accuracy shows a gradient where NMSE does not, at either delay  -> the fix is the
    fitness BASIS (select on accuracy), independent of the delay -- touches nothing P
    depends on.
  * both bases flat at both delays  -> the block is binding itself, not maintenance;
    delay is not the lever and the operating point / task structure is next.
