# analysis log: calibrate_operating_point
# timestamp: 2026-07-24T01:23:26.252687
# command: scripts/calibrate_operating_point.py --n 3
# Operating-point calibration: READOUT-FREE criteria for a ready-to-learn substrate
#====================================================================

[logging to runs\20260724-012326_calibrate_operating_point.log]
TASK K=10 d=10 r1=3 contexts=4 dwell=10 n_train/val/test=60/60/60
NET  N=50 present_ms=50 tau_slow=100.0
DEV  3 passes = 9000 ms (+200 ms warmup); one pass = 3000 ms; n_assays=4

measured on DEVELOPED networks
criteria: responsiveness > 0.2 | healthy (not silent/saturated) | alpha in 0.7-0.85 (cortex)
NOTE the RC-era skill gate is DROPPED (PJM principle 1): it scores a full mixing readout
that D095 forbids. `input_gain=10` was chosen by that obsolete criterion.

  gain  noise |  respons |  alpha |   rate |   sat | verdict
   0.5   0.50 |    0.329 |   1.11 |  0.148 |  0.00 | ready; alpha off-band
   0.5   1.00 |    0.339 |   1.10 |  0.290 |  0.00 | ready; alpha off-band
   0.5   2.00 |    0.326 |   1.08 |  0.531 |  0.00 | ready; alpha off-band
   1.0   0.50 |    0.333 |   1.23 |  0.158 |  0.00 | ready; alpha off-band
   1.0   1.00 |    0.346 |   1.14 |  0.296 |  0.00 | ready; alpha off-band
   1.0   2.00 |    0.330 |   1.07 |  0.535 |  0.00 | ready; alpha off-band
   2.0   0.50 |    0.400 |   1.63 |  0.188 |  0.00 | ready; alpha off-band
   2.0   1.00 |    0.353 |   1.25 |  0.312 |  0.00 | ready; alpha off-band
   2.0   2.00 |    0.336 |   1.11 |  0.544 |  0.00 | ready; alpha off-band
   5.0   0.50 |    0.575 |   2.42 |  0.307 |  0.00 | ready; alpha off-band
   5.0   1.00 |    0.414 |   1.67 |  0.388 |  0.00 | ready; alpha off-band
   5.0   2.00 |    0.360 |   1.23 |  0.585 |  0.00 | ready; alpha off-band
  10.0   0.50 |    0.740 |   1.93 |  0.473 |  0.01 | ready; alpha off-band
  10.0   1.00 |    0.539 |   2.49 |  0.521 |  0.00 | ready; alpha off-band
  10.0   2.00 |    0.398 |   1.45 |  0.673 |  0.00 | ready; alpha off-band

==============================================================================
No responsive+healthy cell reaches the cortical band. Closest: input_gain=1.0 noise_sigma=2.0 (responsiveness=0.330, alpha=1.07).
Report the residual gap as a substrate property rather than tuning past the
responsiveness criterion — that is the trade T0 got wrong.

Settled: spectral normalisation does NOT move alpha (<0.1 over a 9x rho range).
