# analysis log: block_architecture_probe
# timestamp: 2026-07-26T17:11:18.716717
# command: scripts/block_architecture_probe.py --xi-seeds 7 11 13
# is there ANY block architecture where recurrence matters?
#====================================================================

[logging to runs/block_genome\20260726-171118_block_architecture_probe.log]
N=100  K_exc=4 + 1 inhibitory block  density=0.30  delay=1 (50 ms)  nmda_frac=0.50
xi draws: [7, 11, 13]  (D131: a headline result must hold across all of them, or it does not stand)
cue-selective input routing: ON (W_in = cue patterns)
Sweeping WITHIN-cluster excitatory strength. Sign is a BLOCK property here, so the
inhibitory pool is SHARED (the D092 ceiling architecture) rather than split across
clusters as in the first check -- where local inhibition cancelled each cluster.

   xi=7 within=2     done  (rate 0.082, silent 10%)
   xi=7 within=2.5   done  (rate 0.084, silent 4%)
   xi=7 within=3     done  (rate 0.087, silent 3%)
   xi=7 within=3.5   done  (rate 0.579, silent 3%)
   xi=7 within=4     done  (rate 2.706, silent 11%)
   xi=11 within=2     done  (rate 0.087, silent 6%)
   xi=11 within=2.5   done  (rate 0.089, silent 6%)
   xi=11 within=3     done  (rate 0.091, silent 3%)
   xi=11 within=3.5   done  (rate 0.094, silent 3%)
   xi=11 within=4     done  (rate 2.463, silent 7%)
   xi=13 within=2     done  (rate 0.081, silent 5%)
   xi=13 within=2.5   done  (rate 0.083, silent 4%)
   xi=13 within=3     done  (rate 0.085, silent 2%)
   xi=13 within=3.5   done  (rate 1.012, silent 3%)
   xi=13 within=4     done  (rate 2.665, silent 22%)

  xi  within | rate  | silent | CUE: intact/abl (d)      | RELATION quad: intact/abl (d)
  ----+-------+-------+--------+--------------------------+------------------------------
    7 2      | 0.082 |    10% | 0.972 / 1.000  (-0.028) | 0.719 / 0.757  (-0.038)
    7 2.5    | 0.084 |     4% | 0.969 / 1.000  (-0.031) | 0.707 / 0.757  (-0.049)
    7 3      | 0.087 |     3% | 0.969 / 1.000  (-0.031) | 0.715 / 0.757  (-0.042)
    7 3.5    | 0.579 |     3% | 0.934 / 1.000  (-0.066) | 0.689 / 0.757  (-0.068)
    7 4      | 2.706 |    11% | 0.822 / 1.000  (-0.178) | 0.563 / 0.757  (-0.194)
   11 2      | 0.087 |     6% | 0.974 / 1.000  (-0.026) | 0.690 / 0.757  (-0.067)
   11 2.5    | 0.089 |     6% | 0.974 / 1.000  (-0.026) | 0.703 / 0.757  (-0.054)
   11 3      | 0.091 |     3% | 0.976 / 1.000  (-0.024) | 0.686 / 0.757  (-0.071)
   11 3.5    | 0.094 |     3% | 0.980 / 1.000  (-0.020) | 0.685 / 0.757  (-0.072)
   11 4      | 2.463 |     7% | 0.955 / 1.000  (-0.045) | 0.592 / 0.757  (-0.165)
   13 2      | 0.081 |     5% | 0.956 / 1.000  (-0.044) | 0.713 / 0.757  (-0.044)
   13 2.5    | 0.083 |     4% | 0.962 / 1.000  (-0.038) | 0.687 / 0.757  (-0.070)
   13 3      | 0.085 |     2% | 0.968 / 1.000  (-0.032) | 0.701 / 0.757  (-0.056)
   13 3.5    | 1.012 |     3% | 0.931 / 1.000  (-0.069) | 0.659 / 0.757  (-0.098)
   13 4      | 2.665 |    22% | 0.901 / 1.000  (-0.099) | 0.587 / 0.757  (-0.170)
  (* = intact exceeds ablated on the RELATION by >0.05 AND clears its own null)

  REPLICATION ACROSS xi -- does any (strength, xi) cell show a relation gain?
     within=2      d quad across xi: -0.038 -0.067 -0.044   mean -0.049
     within=2.5    d quad across xi: -0.049 -0.054 -0.070   mean -0.058
     within=3      d quad across xi: -0.042 -0.071 -0.056   mean -0.056
     within=3.5    d quad across xi: -0.068 -0.072 -0.098   mean -0.079
     within=4      d quad across xi: -0.194 -0.165 -0.170   mean -0.176

READ:
  best RELATION gain from recurrence: -0.038 at within=2 (clears null)
  best CUE-CARRY gain from recurrence: -0.020 at within=3.5
  unstable / saturating at within >= 3.5 (rate blow-up or silent units)
  NO ARCHITECTURE AND NO LOOP GAIN MAKES RECURRENCE MATTER, across 3 xi draws.
  E1 is REFUTED: the
  encoding was never the constraint, because the target is not in the space at all.
  STOP (D131 step 4). Return to the neuron model and the substrate's capacity for
  persistent activity -- with one fewer explanation available.
