task: memoryless_floor=1.095 oracle=0.454
Gate A pass (D081): champion E|rates 0.99 -> < 0.80 by gen 4900

[run_evolution] BATCHED (one block-diagonal network/gen, D078) | pop=30 gens=4900 density=0.5 N=50 test_every=20
  gen    0/4900: best_train=0.942 best_test=0.979 |W|=1224±27 exc=0.77 |     6s elapsed, ~492.1 min ETA (6.03 s/gen)
  gen   10/4900: best_train=0.921 best_test=0.979 |W|=1211±16 exc=0.75 |    25s elapsed, ~187.8 min ETA (2.30 s/gen)
  gen   20/4900: best_train=0.950 best_test=0.979 |W|=1212±19 exc=0.77 |    49s elapsed, ~190.5 min ETA (2.34 s/gen)
  gen   30/4900: best_train=0.917 best_test=0.986 |W|=1205±2 exc=0.76 |    68s elapsed, ~177.2 min ETA (2.18 s/gen)
  gen   40/4900: best_train=0.927 best_test=0.989 |W|=1206±4 exc=0.69 |    93s elapsed, ~182.8 min ETA (2.26 s/gen)
  gen   50/4900: best_train=0.949 best_test=0.984 |W|=1208±5 exc=0.63 |   111s elapsed, ~175.4 min ETA (2.17 s/gen)
  gen   60/4900: best_train=0.952 best_test=0.994 |W|=1210±5 exc=0.66 |   134s elapsed, ~177.8 min ETA (2.20 s/gen)
  gen   70/4900: best_train=0.947 best_test=0.989 |W|=1209±5 exc=0.65 |   153s elapsed, ~173.9 min ETA (2.16 s/gen)
  gen   80/4900: best_train=0.942 best_test=0.962 |W|=1208±5 exc=0.66 |   179s elapsed, ~177.6 min ETA (2.21 s/gen)
  gen   90/4900: best_train=0.943 best_test=0.979 |W|=1211±5 exc=0.66 |   203s elapsed, ~178.6 min ETA (2.23 s/gen)
  gen  100/4900: best_train=0.951 best_test=0.981 |W|=1211±4 exc=0.63 |   234s elapsed, ~185.7 min ETA (2.32 s/gen)
  gen  110/4900: best_train=0.947 best_test=0.984 |W|=1211±4 exc=0.63 |   258s elapsed, ~185.4 min ETA (2.32 s/gen)
  gen  120/4900: best_train=0.944 best_test=0.961 |W|=1208±5 exc=0.62 |   289s elapsed, ~190.4 min ETA (2.39 s/gen)
  gen  130/4900: best_train=0.950 best_test=0.970 |W|=1206±4 exc=0.61 |   315s elapsed, ~190.8 min ETA (2.40 s/gen)
  gen  140/4900: best_train=0.942 best_test=0.949 |W|=1204±0 exc=0.60 |   345s elapsed, ~193.8 min ETA (2.44 s/gen)
  gen  150/4900: best_train=0.940 best_test=0.991 |W|=1204±0 exc=0.61 |   367s elapsed, ~192.3 min ETA (2.43 s/gen)
  gen  160/4900: best_train=0.955 best_test=0.994 |W|=1204±0 exc=0.63 |   395s elapsed, ~194.0 min ETA (2.46 s/gen)
  gen  170/4900: best_train=0.933 best_test=0.984 |W|=1204±0 exc=0.61 |   419s elapsed, ~192.9 min ETA (2.45 s/gen)
  gen  180/4900: best_train=0.930 best_test=0.980 |W|=1204±0 exc=0.59 |   450s elapsed, ~195.4 min ETA (2.48 s/gen)
  gen  190/4900: best_train=0.900 best_test=0.984 |W|=1204±0 exc=0.58 |   474s elapsed, ~194.8 min ETA (2.48 s/gen)
  gen  200/4900: best_train=0.915 best_test=0.974 |W|=1204±0 exc=0.59 |   506s elapsed, ~197.0 min ETA (2.52 s/gen)
  gen  210/4900: best_train=0.922 best_test=0.953 |W|=1204±0 exc=0.57 |   529s elapsed, ~195.8 min ETA (2.51 s/gen)
  gen  220/4900: best_train=0.950 best_test=0.983 |W|=1204±0 exc=0.56 |   560s elapsed, ~197.6 min ETA (2.53 s/gen)
  gen  230/4900: best_train=0.939 best_test=0.953 |W|=1204±0 exc=0.55 |   584s elapsed, ~196.8 min ETA (2.53 s/gen)
  gen  240/4900: best_train=0.935 best_test=0.987 |W|=1204±0 exc=0.54 |   616s elapsed, ~198.3 min ETA (2.55 s/gen)
  gen  250/4900: best_train=0.938 best_test=0.951 |W|=1204±0 exc=0.52 |   639s elapsed, ~197.2 min ETA (2.55 s/gen)
  gen  260/4900: best_train=0.889 best_test=0.961 |W|=1204±0 exc=0.50 |   669s elapsed, ~198.1 min ETA (2.56 s/gen)
  gen  270/4900: best_train=0.862 best_test=0.995 |W|=1204±0 exc=0.47 |   694s elapsed, ~197.5 min ETA (2.56 s/gen)
  gen  280/4900: best_train=0.903 best_test=0.990 |W|=1204±0 exc=0.48 |   723s elapsed, ~198.2 min ETA (2.57 s/gen)
  gen  290/4900: best_train=0.924 best_test=0.986 |W|=1204±0 exc=0.47 |   748s elapsed, ~197.4 min ETA (2.57 s/gen)
  gen  300/4900: best_train=0.927 best_test=0.976 |W|=1204±0 exc=0.49 |   779s elapsed, ~198.3 min ETA (2.59 s/gen)
  gen  310/4900: best_train=0.929 best_test=0.984 |W|=1204±0 exc=0.51 |   804s elapsed, ~197.6 min ETA (2.58 s/gen)
  gen  320/4900: best_train=0.934 best_test=0.994 |W|=1204±0 exc=0.46 |   835s elapsed, ~198.5 min ETA (2.60 s/gen)
  gen  330/4900: best_train=0.922 best_test=0.986 |W|=1204±0 exc=0.44 |   860s elapsed, ~197.9 min ETA (2.60 s/gen)
  gen  340/4900: best_train=0.943 best_test=0.994 |W|=1204±0 exc=0.45 |   891s elapsed, ~198.5 min ETA (2.61 s/gen)
  gen  350/4900: best_train=0.960 best_test=0.955 |W|=1204±0 exc=0.46 |   914s elapsed, ~197.4 min ETA (2.60 s/gen)
  gen  360/4900: best_train=0.944 best_test=0.986 |W|=1204±0 exc=0.48 |   944s elapsed, ~197.8 min ETA (2.61 s/gen)
  gen  370/4900: best_train=0.937 best_test=0.985 |W|=1204±0 exc=0.43 |   967s elapsed, ~196.7 min ETA (2.61 s/gen)
  gen  380/4900: best_train=0.940 best_test=0.971 |W|=1204±0 exc=0.47 |   996s elapsed, ~196.9 min ETA (2.61 s/gen)
  gen  390/4900: best_train=0.947 best_test=0.977 |W|=1204±0 exc=0.49 |  1020s elapsed, ~196.0 min ETA (2.61 s/gen)
  gen  400/4900: best_train=0.939 best_test=0.987 |W|=1204±0 exc=0.50 |  1059s elapsed, ~197.9 min ETA (2.64 s/gen)
  gen  410/4900: best_train=0.927 best_test=0.974 |W|=1204±0 exc=0.50 |  1091s elapsed, ~198.5 min ETA (2.65 s/gen)
  gen  420/4900: best_train=0.915 best_test=0.984 |W|=1204±0 exc=0.48 |  1125s elapsed, ~199.5 min ETA (2.67 s/gen)
  gen  430/4900: best_train=0.942 best_test=0.982 |W|=1204±0 exc=0.46 |  1150s elapsed, ~198.7 min ETA (2.67 s/gen)
  gen  440/4900: best_train=0.925 best_test=0.982 |W|=1204±0 exc=0.44 |  1180s elapsed, ~198.8 min ETA (2.68 s/gen)
  gen  450/4900: best_train=0.926 best_test=0.985 |W|=1204±0 exc=0.44 |  1203s elapsed, ~197.8 min ETA (2.67 s/gen)
  gen  460/4900: best_train=0.930 best_test=0.991 |W|=1204±0 exc=0.46 |  1234s elapsed, ~198.0 min ETA (2.68 s/gen)
  gen  470/4900: best_train=0.902 best_test=0.966 |W|=1204±0 exc=0.45 |  1258s elapsed, ~197.1 min ETA (2.67 s/gen)
  gen  480/4900: best_train=0.934 best_test=0.995 |W|=1204±0 exc=0.48 |  1289s elapsed, ~197.3 min ETA (2.68 s/gen)
  gen  490/4900: best_train=0.925 best_test=0.976 |W|=1204±0 exc=0.49 |  1312s elapsed, ~196.4 min ETA (2.67 s/gen)
  gen  500/4900: best_train=0.936 best_test=0.992 |W|=1204±0 exc=0.50 |  1343s elapsed, ~196.5 min ETA (2.68 s/gen)
  gen  510/4900: best_train=0.930 best_test=0.964 |W|=1204±0 exc=0.46 |  1366s elapsed, ~195.6 min ETA (2.67 s/gen)
  gen  520/4900: best_train=0.928 best_test=0.962 |W|=1204±0 exc=0.50 |  1398s elapsed, ~195.8 min ETA (2.68 s/gen)
  gen  530/4900: best_train=0.940 best_test=0.990 |W|=1204±0 exc=0.53 |  1423s elapsed, ~195.1 min ETA (2.68 s/gen)
  gen  540/4900: best_train=0.946 best_test=0.993 |W|=1204±0 exc=0.51 |  1455s elapsed, ~195.4 min ETA (2.69 s/gen)
  gen  550/4900: best_train=0.930 best_test=0.934 |W|=1204±0 exc=0.51 |  1481s elapsed, ~194.8 min ETA (2.69 s/gen)
  gen  560/4900: best_train=0.938 best_test=0.962 |W|=1204±0 exc=0.52 |  1512s elapsed, ~194.9 min ETA (2.70 s/gen)
  gen  570/4900: best_train=0.949 best_test=0.994 |W|=1204±0 exc=0.52 |  1537s elapsed, ~194.2 min ETA (2.69 s/gen)
  gen  580/4900: best_train=0.943 best_test=0.983 |W|=1204±0 exc=0.54 |  1566s elapsed, ~194.1 min ETA (2.70 s/gen)
  gen  590/4900: best_train=0.933 best_test=0.973 |W|=1204±0 exc=0.55 |  1590s elapsed, ~193.2 min ETA (2.69 s/gen)
  gen  600/4900: best_train=0.946 best_test=0.990 |W|=1204±0 exc=0.56 |  1624s elapsed, ~193.6 min ETA (2.70 s/gen)
  gen  610/4900: best_train=0.937 best_test=0.977 |W|=1204±0 exc=0.55 |  1661s elapsed, ~194.4 min ETA (2.72 s/gen)
  gen  620/4900: best_train=0.932 best_test=0.986 |W|=1204±0 exc=0.51 |  1716s elapsed, ~197.1 min ETA (2.76 s/gen)
  gen  630/4900: best_train=0.926 best_test=0.975 |W|=1204±0 exc=0.50 |  1754s elapsed, ~197.8 min ETA (2.78 s/gen)
  gen  640/4900: best_train=0.933 best_test=0.972 |W|=1204±0 exc=0.49 |  1808s elapsed, ~200.2 min ETA (2.82 s/gen)
  gen  650/4900: best_train=0.936 best_test=0.982 |W|=1204±0 exc=0.48 |  1848s elapsed, ~201.0 min ETA (2.84 s/gen)
  gen  660/4900: best_train=0.908 best_test=0.986 |W|=1204±0 exc=0.43 |  1899s elapsed, ~203.0 min ETA (2.87 s/gen)
  gen  670/4900: best_train=0.941 best_test=0.968 |W|=1204±0 exc=0.44 |  1940s elapsed, ~203.8 min ETA (2.89 s/gen)
  gen  680/4900: best_train=0.911 best_test=0.986 |W|=1204±0 exc=0.46 |  1992s elapsed, ~205.7 min ETA (2.93 s/gen)
  gen  690/4900: best_train=0.929 best_test=0.966 |W|=1204±0 exc=0.52 |  2033s elapsed, ~206.4 min ETA (2.94 s/gen)
  gen  700/4900: best_train=0.907 best_test=0.984 |W|=1204±0 exc=0.52 |  2087s elapsed, ~208.4 min ETA (2.98 s/gen)
  gen  710/4900: best_train=0.929 best_test=0.976 |W|=1204±0 exc=0.52 |  2129s elapsed, ~209.0 min ETA (2.99 s/gen)
  gen  720/4900: best_train=0.942 best_test=0.972 |W|=1204±0 exc=0.49 |  2180s elapsed, ~210.6 min ETA (3.02 s/gen)
  gen  730/4900: best_train=0.924 best_test=0.979 |W|=1204±0 exc=0.51 |  2220s elapsed, ~211.0 min ETA (3.04 s/gen)
  gen  740/4900: best_train=0.918 best_test=0.993 |W|=1204±0 exc=0.51 |  2273s elapsed, ~212.6 min ETA (3.07 s/gen)
  gen  750/4900: best_train=0.871 best_test=0.973 |W|=1204±0 exc=0.49 |  2310s elapsed, ~212.7 min ETA (3.08 s/gen)
  gen  760/4900: best_train=0.941 best_test=0.976 |W|=1204±0 exc=0.44 |  2365s elapsed, ~214.4 min ETA (3.11 s/gen)
  gen  770/4900: best_train=0.910 best_test=0.987 |W|=1204±0 exc=0.44 |  2409s elapsed, ~215.0 min ETA (3.12 s/gen)
  gen  780/4900: best_train=0.933 best_test=0.923 |W|=1204±0 exc=0.47 |  2461s elapsed, ~216.3 min ETA (3.15 s/gen)
  gen  790/4900: best_train=0.936 best_test=0.968 |W|=1204±0 exc=0.46 |  2500s elapsed, ~216.5 min ETA (3.16 s/gen)
  gen  800/4900: best_train=0.905 best_test=0.961 |W|=1204±0 exc=0.48 |  2554s elapsed, ~217.8 min ETA (3.19 s/gen)
  gen  810/4900: best_train=0.939 best_test=0.962 |W|=1204±0 exc=0.49 |  2595s elapsed, ~218.1 min ETA (3.20 s/gen)
  gen  820/4900: best_train=0.948 best_test=0.979 |W|=1204±0 exc=0.52 |  2648s elapsed, ~219.2 min ETA (3.22 s/gen)
  gen  830/4900: best_train=0.939 best_test=0.948 |W|=1204±0 exc=0.50 |  2696s elapsed, ~220.0 min ETA (3.24 s/gen)
  gen  840/4900: best_train=0.930 best_test=0.981 |W|=1204±0 exc=0.52 |  2752s elapsed, ~221.4 min ETA (3.27 s/gen)
  gen  850/4900: best_train=0.916 best_test=0.986 |W|=1204±0 exc=0.54 |  2791s elapsed, ~221.3 min ETA (3.28 s/gen)
  gen  860/4900: best_train=0.947 best_test=0.907 |W|=1204±0 exc=0.57 |  2835s elapsed, ~221.7 min ETA (3.29 s/gen)
  gen  870/4900: best_train=0.955 best_test=0.986 |W|=1204±0 exc=0.57 |  2864s elapsed, ~220.8 min ETA (3.29 s/gen)
  gen  880/4900: best_train=0.934 best_test=0.973 |W|=1204±0 exc=0.57 |  2904s elapsed, ~220.8 min ETA (3.30 s/gen)
  gen  890/4900: best_train=0.940 best_test=0.960 |W|=1204±0 exc=0.58 |  2939s elapsed, ~220.4 min ETA (3.30 s/gen)
  gen  900/4900: best_train=0.924 best_test=0.963 |W|=1204±0 exc=0.57 |  2966s elapsed, ~219.4 min ETA (3.29 s/gen)
  gen  910/4900: best_train=0.918 best_test=0.979 |W|=1204±0 exc=0.57 |  2986s elapsed, ~217.9 min ETA (3.28 s/gen)
  gen  920/4900: best_train=0.917 best_test=0.930 |W|=1204±0 exc=0.58 |  3032s elapsed, ~218.3 min ETA (3.29 s/gen)
  gen  930/4900: best_train=0.945 best_test=0.959 |W|=1204±0 exc=0.61 |  3069s elapsed, ~218.1 min ETA (3.30 s/gen)
  gen  940/4900: best_train=0.945 best_test=0.968 |W|=1204±0 exc=0.56 |  3119s elapsed, ~218.7 min ETA (3.31 s/gen)
  gen  950/4900: best_train=0.941 best_test=0.977 |W|=1204±0 exc=0.56 |  3157s elapsed, ~218.5 min ETA (3.32 s/gen)
  gen  960/4900: best_train=0.924 best_test=0.991 |W|=1204±0 exc=0.55 |  3199s elapsed, ~218.6 min ETA (3.33 s/gen)
  gen  970/4900: best_train=0.914 best_test=0.990 |W|=1204±0 exc=0.53 |  3239s elapsed, ~218.4 min ETA (3.34 s/gen)
  gen  980/4900: best_train=0.923 best_test=0.986 |W|=1204±0 exc=0.52 |  3287s elapsed, ~218.8 min ETA (3.35 s/gen)
  gen  990/4900: best_train=0.948 best_test=0.974 |W|=1204±0 exc=0.51 |  3326s elapsed, ~218.7 min ETA (3.36 s/gen)
  gen 1000/4900: best_train=0.908 best_test=0.973 |W|=1204±0 exc=0.52 |  3368s elapsed, ~218.7 min ETA (3.36 s/gen)
  gen 1010/4900: best_train=0.942 best_test=0.974 |W|=1204±0 exc=0.46 |  3405s elapsed, ~218.3 min ETA (3.37 s/gen)
  gen 1020/4900: best_train=0.918 best_test=0.955 |W|=1204±0 exc=0.47 |  3443s elapsed, ~218.0 min ETA (3.37 s/gen)
  gen 1030/4900: best_train=0.939 best_test=0.943 |W|=1204±0 exc=0.48 |  3472s elapsed, ~217.1 min ETA (3.37 s/gen)
  gen 1040/4900: best_train=0.944 best_test=0.981 |W|=1204±0 exc=0.48 |  3513s elapsed, ~217.1 min ETA (3.37 s/gen)
  gen 1050/4900: best_train=0.935 best_test=0.991 |W|=1204±0 exc=0.49 |  3546s elapsed, ~216.4 min ETA (3.37 s/gen)
  gen 1060/4900: best_train=0.934 best_test=0.984 |W|=1204±0 exc=0.47 |  3595s elapsed, ~216.8 min ETA (3.39 s/gen)
  gen 1070/4900: best_train=0.943 best_test=0.971 |W|=1204±0 exc=0.51 |  3629s elapsed, ~216.3 min ETA (3.39 s/gen)
  gen 1080/4900: best_train=0.914 best_test=0.962 |W|=1204±0 exc=0.49 |  3666s elapsed, ~215.9 min ETA (3.39 s/gen)
  gen 1090/4900: best_train=0.928 best_test=0.989 |W|=1204±0 exc=0.49 |  3699s elapsed, ~215.3 min ETA (3.39 s/gen)
  gen 1100/4900: best_train=0.924 best_test=0.966 |W|=1204±0 exc=0.49 |  3738s elapsed, ~215.0 min ETA (3.39 s/gen)
  gen 1110/4900: best_train=0.922 best_test=0.972 |W|=1204±0 exc=0.53 |  3769s elapsed, ~214.2 min ETA (3.39 s/gen)
  gen 1120/4900: best_train=0.918 best_test=0.958 |W|=1204±0 exc=0.52 |  3807s elapsed, ~213.9 min ETA (3.40 s/gen)
  gen 1130/4900: best_train=0.905 best_test=0.984 |W|=1204±0 exc=0.52 |  3843s elapsed, ~213.5 min ETA (3.40 s/gen)
  gen 1140/4900: best_train=0.932 best_test=0.982 |W|=1204±0 exc=0.52 |  3884s elapsed, ~213.2 min ETA (3.40 s/gen)
  gen 1150/4900: best_train=0.938 best_test=0.978 |W|=1204±0 exc=0.53 |  3915s elapsed, ~212.5 min ETA (3.40 s/gen)
  gen 1160/4900: best_train=0.937 best_test=0.990 |W|=1204±0 exc=0.57 |  3956s elapsed, ~212.3 min ETA (3.41 s/gen)
  gen 1170/4900: best_train=0.922 best_test=0.985 |W|=1204±0 exc=0.57 |  3990s elapsed, ~211.8 min ETA (3.41 s/gen)
  gen 1180/4900: best_train=0.933 best_test=0.993 |W|=1204±0 exc=0.60 |  4033s elapsed, ~211.7 min ETA (3.42 s/gen)
  gen 1190/4900: best_train=0.921 best_test=0.985 |W|=1204±0 exc=0.58 |  4064s elapsed, ~210.9 min ETA (3.41 s/gen)
  gen 1200/4900: best_train=0.933 best_test=0.972 |W|=1204±0 exc=0.56 |  4107s elapsed, ~210.8 min ETA (3.42 s/gen)
  gen 1210/4900: best_train=0.937 best_test=0.957 |W|=1204±0 exc=0.62 |  4140s elapsed, ~210.2 min ETA (3.42 s/gen)
  gen 1220/4900: best_train=0.957 best_test=0.994 |W|=1204±0 exc=0.61 |  4184s elapsed, ~210.1 min ETA (3.43 s/gen)
  gen 1230/4900: best_train=0.948 best_test=0.955 |W|=1204±0 exc=0.61 |  4220s elapsed, ~209.6 min ETA (3.43 s/gen)
  gen 1240/4900: best_train=0.941 best_test=0.985 |W|=1204±0 exc=0.63 |  4263s elapsed, ~209.5 min ETA (3.44 s/gen)
  gen 1250/4900: best_train=0.931 best_test=0.990 |W|=1204±0 exc=0.66 |  4296s elapsed, ~208.8 min ETA (3.43 s/gen)
  gen 1260/4900: best_train=0.922 best_test=0.973 |W|=1204±0 exc=0.67 |  4336s elapsed, ~208.5 min ETA (3.44 s/gen)
  gen 1270/4900: best_train=0.944 best_test=0.982 |W|=1204±0 exc=0.64 |  4368s elapsed, ~207.9 min ETA (3.44 s/gen)
  gen 1280/4900: best_train=0.935 best_test=0.986 |W|=1204±0 exc=0.61 |  4413s elapsed, ~207.8 min ETA (3.45 s/gen)
  gen 1290/4900: best_train=0.945 best_test=0.969 |W|=1204±0 exc=0.62 |  4454s elapsed, ~207.5 min ETA (3.45 s/gen)
  gen 1300/4900: best_train=0.915 best_test=0.973 |W|=1204±0 exc=0.62 |  4501s elapsed, ~207.5 min ETA (3.46 s/gen)
  gen 1310/4900: best_train=0.938 best_test=0.982 |W|=1204±0 exc=0.61 |  4542s elapsed, ~207.3 min ETA (3.46 s/gen)
  gen 1320/4900: best_train=0.936 best_test=0.954 |W|=1204±0 exc=0.60 |  4591s elapsed, ~207.3 min ETA (3.48 s/gen)
  gen 1330/4900: best_train=0.893 best_test=0.991 |W|=1204±0 exc=0.61 |  4611s elapsed, ~206.1 min ETA (3.46 s/gen)
  gen 1340/4900: best_train=0.947 best_test=0.988 |W|=1204±0 exc=0.62 |  4656s elapsed, ~205.9 min ETA (3.47 s/gen)
  gen 1350/4900: best_train=0.943 best_test=0.981 |W|=1204±0 exc=0.59 |  4688s elapsed, ~205.2 min ETA (3.47 s/gen)
  gen 1360/4900: best_train=0.946 best_test=0.923 |W|=1204±0 exc=0.59 |  4737s elapsed, ~205.3 min ETA (3.48 s/gen)
  gen 1370/4900: best_train=0.943 best_test=0.944 |W|=1204±0 exc=0.57 |  4771s elapsed, ~204.7 min ETA (3.48 s/gen)
  gen 1380/4900: best_train=0.945 best_test=0.990 |W|=1204±0 exc=0.55 |  4813s elapsed, ~204.4 min ETA (3.48 s/gen)
  gen 1390/4900: best_train=0.922 best_test=0.957 |W|=1204±0 exc=0.61 |  4846s elapsed, ~203.7 min ETA (3.48 s/gen)
  gen 1400/4900: best_train=0.922 best_test=0.991 |W|=1204±0 exc=0.59 |  4886s elapsed, ~203.4 min ETA (3.49 s/gen)
  gen 1410/4900: best_train=0.931 best_test=0.972 |W|=1204±0 exc=0.60 |  4920s elapsed, ~202.8 min ETA (3.49 s/gen)
  gen 1420/4900: best_train=0.921 best_test=0.983 |W|=1204±0 exc=0.58 |  4964s elapsed, ~202.5 min ETA (3.49 s/gen)
  gen 1430/4900: best_train=0.903 best_test=0.948 |W|=1204±0 exc=0.58 |  4996s elapsed, ~201.8 min ETA (3.49 s/gen)
  gen 1440/4900: best_train=0.945 best_test=0.990 |W|=1204±0 exc=0.53 |  5043s elapsed, ~201.7 min ETA (3.50 s/gen)
  gen 1450/4900: best_train=0.939 best_test=0.960 |W|=1204±0 exc=0.56 |  5083s elapsed, ~201.4 min ETA (3.50 s/gen)
  gen 1460/4900: best_train=0.932 best_test=0.989 |W|=1204±0 exc=0.58 |  5133s elapsed, ~201.4 min ETA (3.51 s/gen)
  gen 1470/4900: best_train=0.929 best_test=0.989 |W|=1204±0 exc=0.53 |  5171s elapsed, ~200.9 min ETA (3.52 s/gen)
  gen 1480/4900: best_train=0.925 best_test=0.984 |W|=1204±0 exc=0.54 |  5221s elapsed, ~200.9 min ETA (3.53 s/gen)
  gen 1490/4900: best_train=0.948 best_test=0.979 |W|=1204±0 exc=0.56 |  5254s elapsed, ~200.2 min ETA (3.52 s/gen)
  gen 1500/4900: best_train=0.934 best_test=0.981 |W|=1204±0 exc=0.57 |  5294s elapsed, ~199.8 min ETA (3.53 s/gen)
  gen 1510/4900: best_train=0.942 best_test=0.989 |W|=1204±0 exc=0.56 |  5326s elapsed, ~199.1 min ETA (3.52 s/gen)
  gen 1520/4900: best_train=0.932 best_test=0.984 |W|=1204±0 exc=0.55 |  5360s elapsed, ~198.5 min ETA (3.52 s/gen)
  gen 1530/4900: best_train=0.942 best_test=0.957 |W|=1204±0 exc=0.51 |  5392s elapsed, ~197.8 min ETA (3.52 s/gen)
  gen 1540/4900: best_train=0.942 best_test=0.962 |W|=1204±0 exc=0.50 |  5439s elapsed, ~197.6 min ETA (3.53 s/gen)
  gen 1550/4900: best_train=0.958 best_test=0.978 |W|=1204±0 exc=0.48 |  5481s elapsed, ~197.2 min ETA (3.53 s/gen)
  gen 1560/4900: best_train=0.921 best_test=0.984 |W|=1204±0 exc=0.46 |  5532s elapsed, ~197.2 min ETA (3.54 s/gen)
  gen 1570/4900: best_train=0.913 best_test=0.991 |W|=1204±0 exc=0.41 |  5555s elapsed, ~196.2 min ETA (3.54 s/gen)
  gen 1580/4900: best_train=0.953 best_test=0.991 |W|=1204±0 exc=0.39 |  5596s elapsed, ~195.8 min ETA (3.54 s/gen)
  gen 1590/4900: best_train=0.952 best_test=0.974 |W|=1204±0 exc=0.40 |  5637s elapsed, ~195.4 min ETA (3.54 s/gen)
  gen 1600/4900: best_train=0.919 best_test=0.986 |W|=1204±0 exc=0.38 |  5692s elapsed, ~195.5 min ETA (3.56 s/gen)
  gen 1610/4900: best_train=0.946 best_test=0.981 |W|=1204±0 exc=0.40 |  5736s elapsed, ~195.2 min ETA (3.56 s/gen)
  gen 1620/4900: best_train=0.946 best_test=0.981 |W|=1204±0 exc=0.35 |  5788s elapsed, ~195.1 min ETA (3.57 s/gen)
  gen 1630/4900: best_train=0.907 best_test=0.958 |W|=1204±0 exc=0.35 |  5829s elapsed, ~194.7 min ETA (3.57 s/gen)
  gen 1640/4900: best_train=0.948 best_test=0.993 |W|=1204±0 exc=0.40 |  5881s elapsed, ~194.7 min ETA (3.58 s/gen)
  gen 1650/4900: best_train=0.927 best_test=0.969 |W|=1204±0 exc=0.37 |  5923s elapsed, ~194.3 min ETA (3.59 s/gen)
  gen 1660/4900: best_train=0.887 best_test=0.981 |W|=1204±0 exc=0.37 |  5972s elapsed, ~194.1 min ETA (3.60 s/gen)
  gen 1670/4900: best_train=0.919 best_test=0.973 |W|=1204±0 exc=0.46 |  6016s elapsed, ~193.7 min ETA (3.60 s/gen)
  gen 1680/4900: best_train=0.910 best_test=0.965 |W|=1204±0 exc=0.46 |  6059s elapsed, ~193.4 min ETA (3.60 s/gen)
  gen 1690/4900: best_train=0.934 best_test=0.984 |W|=1204±0 exc=0.46 |  6083s elapsed, ~192.4 min ETA (3.60 s/gen)
  gen 1700/4900: best_train=0.933 best_test=0.990 |W|=1204±0 exc=0.47 |  6118s elapsed, ~191.8 min ETA (3.60 s/gen)
  gen 1710/4900: best_train=0.944 best_test=0.994 |W|=1204±0 exc=0.48 |  6151s elapsed, ~191.1 min ETA (3.59 s/gen)
  gen 1720/4900: best_train=0.912 best_test=0.973 |W|=1204±0 exc=0.51 |  6196s elapsed, ~190.7 min ETA (3.60 s/gen)
  gen 1730/4900: best_train=0.928 best_test=0.963 |W|=1204±0 exc=0.51 |  6237s elapsed, ~190.3 min ETA (3.60 s/gen)
  gen 1740/4900: best_train=0.942 best_test=0.986 |W|=1204±0 exc=0.54 |  6293s elapsed, ~190.3 min ETA (3.61 s/gen)
  gen 1750/4900: best_train=0.930 best_test=0.988 |W|=1204±0 exc=0.54 |  6338s elapsed, ~190.0 min ETA (3.62 s/gen)
  gen 1760/4900: best_train=0.921 best_test=0.975 |W|=1204±0 exc=0.57 |  6393s elapsed, ~189.9 min ETA (3.63 s/gen)
  gen 1770/4900: best_train=0.931 best_test=0.954 |W|=1204±0 exc=0.56 |  6423s elapsed, ~189.1 min ETA (3.63 s/gen)
  gen 1780/4900: best_train=0.938 best_test=0.981 |W|=1204±0 exc=0.58 |  6449s elapsed, ~188.2 min ETA (3.62 s/gen)
  gen 1790/4900: best_train=0.931 best_test=0.968 |W|=1204±0 exc=0.58 |  6471s elapsed, ~187.2 min ETA (3.61 s/gen)
  gen 1800/4900: best_train=0.896 best_test=0.993 |W|=1204±0 exc=0.57 |  6497s elapsed, ~186.3 min ETA (3.61 s/gen)
  gen 1810/4900: best_train=0.917 best_test=0.992 |W|=1204±0 exc=0.57 |  6518s elapsed, ~185.3 min ETA (3.60 s/gen)
  gen 1820/4900: best_train=0.920 best_test=0.971 |W|=1204±0 exc=0.57 |  6546s elapsed, ~184.5 min ETA (3.59 s/gen)
  gen 1830/4900: best_train=0.943 best_test=0.979 |W|=1204±0 exc=0.57 |  6567s elapsed, ~183.5 min ETA (3.59 s/gen)
  gen 1840/4900: best_train=0.925 best_test=0.961 |W|=1204±0 exc=0.53 |  6594s elapsed, ~182.6 min ETA (3.58 s/gen)
  gen 1850/4900: best_train=0.940 best_test=0.988 |W|=1204±0 exc=0.53 |  6617s elapsed, ~181.7 min ETA (3.57 s/gen)
  gen 1860/4900: best_train=0.945 best_test=0.991 |W|=1204±0 exc=0.55 |  6644s elapsed, ~180.8 min ETA (3.57 s/gen)
  gen 1870/4900: best_train=0.935 best_test=0.994 |W|=1204±0 exc=0.58 |  6666s elapsed, ~179.9 min ETA (3.56 s/gen)
  gen 1880/4900: best_train=0.950 best_test=0.989 |W|=1204±0 exc=0.59 |  6693s elapsed, ~179.0 min ETA (3.56 s/gen)
  gen 1890/4900: best_train=0.943 best_test=0.987 |W|=1204±0 exc=0.55 |  6714s elapsed, ~178.1 min ETA (3.55 s/gen)
  gen 1900/4900: best_train=0.937 best_test=0.992 |W|=1204±0 exc=0.57 |  6742s elapsed, ~177.3 min ETA (3.55 s/gen)
  gen 1910/4900: best_train=0.937 best_test=0.958 |W|=1204±0 exc=0.54 |  6771s elapsed, ~176.5 min ETA (3.54 s/gen)
  gen 1920/4900: best_train=0.914 best_test=0.950 |W|=1204±0 exc=0.59 |  6824s elapsed, ~176.4 min ETA (3.55 s/gen)
  gen 1930/4900: best_train=0.915 best_test=0.980 |W|=1204±0 exc=0.60 |  6868s elapsed, ~176.0 min ETA (3.56 s/gen)
  gen 1940/4900: best_train=0.923 best_test=0.990 |W|=1204±0 exc=0.62 |  6925s elapsed, ~175.9 min ETA (3.57 s/gen)
  gen 1950/4900: best_train=0.933 best_test=0.985 |W|=1204±0 exc=0.60 |  6969s elapsed, ~175.6 min ETA (3.57 s/gen)
  gen 1960/4900: best_train=0.908 best_test=0.973 |W|=1204±0 exc=0.56 |  7024s elapsed, ~175.4 min ETA (3.58 s/gen)
  gen 1970/4900: best_train=0.937 best_test=0.934 |W|=1204±0 exc=0.53 |  7067s elapsed, ~175.0 min ETA (3.59 s/gen)
  gen 1980/4900: best_train=0.938 best_test=0.987 |W|=1204±0 exc=0.54 |  7094s elapsed, ~174.2 min ETA (3.58 s/gen)
  gen 1990/4900: best_train=0.939 best_test=0.938 |W|=1204±0 exc=0.55 |  7132s elapsed, ~173.7 min ETA (3.58 s/gen)
  gen 2000/4900: best_train=0.924 best_test=0.939 |W|=1204±0 exc=0.55 |  7180s elapsed, ~173.4 min ETA (3.59 s/gen)
  gen 2010/4900: best_train=0.910 best_test=0.942 |W|=1204±0 exc=0.55 |  7204s elapsed, ~172.5 min ETA (3.58 s/gen)
  gen 2020/4900: best_train=0.934 best_test=0.981 |W|=1204±0 exc=0.57 |  7232s elapsed, ~171.7 min ETA (3.58 s/gen)
  gen 2030/4900: best_train=0.900 best_test=0.974 |W|=1204±0 exc=0.58 |  7273s elapsed, ~171.2 min ETA (3.58 s/gen)
  gen 2040/4900: best_train=0.924 best_test=0.982 |W|=1204±0 exc=0.58 |  7330s elapsed, ~171.1 min ETA (3.59 s/gen)
  gen 2050/4900: best_train=0.928 best_test=0.977 |W|=1204±0 exc=0.56 |  7358s elapsed, ~170.4 min ETA (3.59 s/gen)
  gen 2060/4900: best_train=0.893 best_test=0.982 |W|=1204±0 exc=0.48 |  7386s elapsed, ~169.6 min ETA (3.58 s/gen)
  gen 2070/4900: best_train=0.918 best_test=0.973 |W|=1204±0 exc=0.53 |  7408s elapsed, ~168.7 min ETA (3.58 s/gen)
  gen 2080/4900: best_train=0.898 best_test=0.981 |W|=1204±0 exc=0.49 |  7436s elapsed, ~167.9 min ETA (3.57 s/gen)
  gen 2090/4900: best_train=0.929 best_test=0.982 |W|=1204±0 exc=0.48 |  7459s elapsed, ~167.0 min ETA (3.57 s/gen)
  gen 2100/4900: best_train=0.905 best_test=0.979 |W|=1204±0 exc=0.45 |  7489s elapsed, ~166.3 min ETA (3.56 s/gen)
  gen 2110/4900: best_train=0.921 best_test=0.944 |W|=1204±0 exc=0.46 |  7515s elapsed, ~165.5 min ETA (3.56 s/gen)
  gen 2120/4900: best_train=0.933 best_test=0.971 |W|=1204±0 exc=0.49 |  7548s elapsed, ~164.8 min ETA (3.56 s/gen)
  gen 2130/4900: best_train=0.941 best_test=0.990 |W|=1204±0 exc=0.47 |  7574s elapsed, ~164.0 min ETA (3.55 s/gen)
  gen 2140/4900: best_train=0.949 best_test=0.987 |W|=1204±0 exc=0.49 |  7604s elapsed, ~163.3 min ETA (3.55 s/gen)
  gen 2150/4900: best_train=0.947 best_test=0.969 |W|=1204±0 exc=0.48 |  7627s elapsed, ~162.5 min ETA (3.55 s/gen)
  gen 2160/4900: best_train=0.940 best_test=0.972 |W|=1204±0 exc=0.49 |  7656s elapsed, ~161.7 min ETA (3.54 s/gen)
  gen 2170/4900: best_train=0.914 best_test=0.993 |W|=1204±0 exc=0.50 |  7679s elapsed, ~160.9 min ETA (3.54 s/gen)
  gen 2180/4900: best_train=0.902 best_test=0.985 |W|=1204±0 exc=0.51 |  7709s elapsed, ~160.2 min ETA (3.53 s/gen)
  gen 2190/4900: best_train=0.922 best_test=0.984 |W|=1204±0 exc=0.51 |  7738s elapsed, ~159.5 min ETA (3.53 s/gen)
  gen 2200/4900: best_train=0.932 best_test=0.946 |W|=1204±0 exc=0.45 |  7768s elapsed, ~158.8 min ETA (3.53 s/gen)
  gen 2210/4900: best_train=0.925 best_test=0.992 |W|=1204±0 exc=0.43 |  7792s elapsed, ~158.0 min ETA (3.52 s/gen)
  gen 2220/4900: best_train=0.930 best_test=0.978 |W|=1204±0 exc=0.42 |  7823s elapsed, ~157.3 min ETA (3.52 s/gen)
  gen 2230/4900: best_train=0.921 best_test=0.982 |W|=1204±0 exc=0.45 |  7847s elapsed, ~156.5 min ETA (3.52 s/gen)
  gen 2240/4900: best_train=0.925 best_test=0.974 |W|=1204±0 exc=0.48 |  7877s elapsed, ~155.8 min ETA (3.51 s/gen)
  gen 2250/4900: best_train=0.927 best_test=0.988 |W|=1204±0 exc=0.41 |  7901s elapsed, ~155.0 min ETA (3.51 s/gen)
  gen 2260/4900: best_train=0.914 best_test=0.986 |W|=1204±0 exc=0.43 |  7934s elapsed, ~154.3 min ETA (3.51 s/gen)
  gen 2270/4900: best_train=0.934 best_test=0.982 |W|=1204±0 exc=0.43 |  7965s elapsed, ~153.7 min ETA (3.51 s/gen)
  gen 2280/4900: best_train=0.937 best_test=0.976 |W|=1204±0 exc=0.42 |  7995s elapsed, ~153.0 min ETA (3.51 s/gen)
  gen 2290/4900: best_train=0.933 best_test=0.986 |W|=1204±0 exc=0.42 |  8020s elapsed, ~152.2 min ETA (3.50 s/gen)
  gen 2300/4900: best_train=0.913 best_test=0.964 |W|=1204±0 exc=0.42 |  8050s elapsed, ~151.5 min ETA (3.50 s/gen)
  gen 2310/4900: best_train=0.945 best_test=0.970 |W|=1204±0 exc=0.43 |  8088s elapsed, ~151.0 min ETA (3.50 s/gen)
  gen 2320/4900: best_train=0.921 best_test=0.991 |W|=1204±0 exc=0.42 |  8147s elapsed, ~150.9 min ETA (3.51 s/gen)
  gen 2330/4900: best_train=0.949 best_test=0.995 |W|=1204±0 exc=0.45 |  8196s elapsed, ~150.5 min ETA (3.52 s/gen)
  gen 2340/4900: best_train=0.923 best_test=0.982 |W|=1204±0 exc=0.44 |  8245s elapsed, ~150.2 min ETA (3.52 s/gen)
  gen 2350/4900: best_train=0.942 best_test=0.969 |W|=1204±0 exc=0.40 |  8280s elapsed, ~149.6 min ETA (3.52 s/gen)
  gen 2360/4900: best_train=0.947 best_test=0.974 |W|=1204±0 exc=0.44 |  8333s elapsed, ~149.4 min ETA (3.53 s/gen)
  gen 2370/4900: best_train=0.927 best_test=0.979 |W|=1204±0 exc=0.44 |  8380s elapsed, ~149.0 min ETA (3.53 s/gen)
  gen 2380/4900: best_train=0.922 best_test=0.987 |W|=1204±0 exc=0.47 |  8426s elapsed, ~148.6 min ETA (3.54 s/gen)
  gen 2390/4900: best_train=0.892 best_test=0.965 |W|=1204±0 exc=0.48 |  8469s elapsed, ~148.1 min ETA (3.54 s/gen)
  gen 2400/4900: best_train=0.943 best_test=0.982 |W|=1204±0 exc=0.48 |  8520s elapsed, ~147.8 min ETA (3.55 s/gen)
  gen 2410/4900: best_train=0.905 best_test=0.972 |W|=1204±0 exc=0.42 |  8564s elapsed, ~147.3 min ETA (3.55 s/gen)
  gen 2420/4900: best_train=0.910 best_test=0.994 |W|=1204±0 exc=0.44 |  8621s elapsed, ~147.1 min ETA (3.56 s/gen)
  gen 2430/4900: best_train=0.939 best_test=0.988 |W|=1204±0 exc=0.40 |  8671s elapsed, ~146.8 min ETA (3.57 s/gen)
  gen 2440/4900: best_train=0.904 best_test=0.981 |W|=1204±0 exc=0.43 |  8706s elapsed, ~146.2 min ETA (3.57 s/gen)
  gen 2450/4900: best_train=0.930 best_test=0.987 |W|=1204±0 exc=0.41 |  8730s elapsed, ~145.4 min ETA (3.56 s/gen)
  gen 2460/4900: best_train=0.926 best_test=0.993 |W|=1204±0 exc=0.40 |  8774s elapsed, ~144.9 min ETA (3.57 s/gen)
  gen 2470/4900: best_train=0.934 best_test=0.948 |W|=1204±0 exc=0.39 |  8823s elapsed, ~144.5 min ETA (3.57 s/gen)
  gen 2480/4900: best_train=0.924 best_test=0.979 |W|=1204±0 exc=0.39 |  8883s elapsed, ~144.4 min ETA (3.58 s/gen)
  gen 2490/4900: best_train=0.948 best_test=0.942 |W|=1204±0 exc=0.35 |  8932s elapsed, ~144.0 min ETA (3.59 s/gen)
  gen 2500/4900: best_train=0.940 best_test=0.987 |W|=1204±0 exc=0.32 |  8991s elapsed, ~143.7 min ETA (3.59 s/gen)
  gen 2510/4900: best_train=0.957 best_test=0.986 |W|=1204±0 exc=0.31 |  9029s elapsed, ~143.2 min ETA (3.60 s/gen)
  gen 2520/4900: best_train=0.952 best_test=0.993 |W|=1204±0 exc=0.35 |  9074s elapsed, ~142.7 min ETA (3.60 s/gen)
  gen 2530/4900: best_train=0.928 best_test=0.987 |W|=1204±0 exc=0.33 |  9116s elapsed, ~142.2 min ETA (3.60 s/gen)
  gen 2540/4900: best_train=0.948 best_test=0.964 |W|=1204±0 exc=0.38 |  9173s elapsed, ~141.9 min ETA (3.61 s/gen)
  gen 2550/4900: best_train=0.916 best_test=0.986 |W|=1204±0 exc=0.42 |  9221s elapsed, ~141.5 min ETA (3.61 s/gen)
  gen 2560/4900: best_train=0.943 best_test=0.991 |W|=1204±0 exc=0.37 |  9282s elapsed, ~141.3 min ETA (3.62 s/gen)
  gen 2570/4900: best_train=0.949 best_test=0.994 |W|=1204±0 exc=0.40 |  9318s elapsed, ~140.7 min ETA (3.62 s/gen)
  gen 2580/4900: best_train=0.931 best_test=0.992 |W|=1204±0 exc=0.40 |  9369s elapsed, ~140.3 min ETA (3.63 s/gen)
  gen 2590/4900: best_train=0.918 best_test=0.984 |W|=1204±0 exc=0.42 |  9405s elapsed, ~139.7 min ETA (3.63 s/gen)
  gen 2600/4900: best_train=0.919 best_test=0.984 |W|=1204±0 exc=0.43 |  9451s elapsed, ~139.2 min ETA (3.63 s/gen)
  gen 2610/4900: best_train=0.945 best_test=0.986 |W|=1204±0 exc=0.47 |  9488s elapsed, ~138.6 min ETA (3.63 s/gen)
  gen 2620/4900: best_train=0.955 best_test=0.973 |W|=1204±0 exc=0.47 |  9539s elapsed, ~138.2 min ETA (3.64 s/gen)
  gen 2630/4900: best_train=0.926 best_test=0.979 |W|=1204±0 exc=0.45 |  9587s elapsed, ~137.8 min ETA (3.64 s/gen)
  gen 2640/4900: best_train=0.914 best_test=0.953 |W|=1204±0 exc=0.44 |  9643s elapsed, ~137.5 min ETA (3.65 s/gen)
  gen 2650/4900: best_train=0.956 best_test=0.952 |W|=1204±0 exc=0.44 |  9681s elapsed, ~136.9 min ETA (3.65 s/gen)
  gen 2660/4900: best_train=0.934 best_test=0.986 |W|=1204±0 exc=0.41 |  9728s elapsed, ~136.4 min ETA (3.66 s/gen)
  gen 2670/4900: best_train=0.930 best_test=0.881 |W|=1204±0 exc=0.41 |  9765s elapsed, ~135.8 min ETA (3.66 s/gen)
  gen 2680/4900: best_train=0.925 best_test=0.976 |W|=1204±0 exc=0.43 |  9812s elapsed, ~135.4 min ETA (3.66 s/gen)
  gen 2690/4900: best_train=0.890 best_test=0.975 |W|=1204±0 exc=0.45 |  9848s elapsed, ~134.7 min ETA (3.66 s/gen)
  gen 2700/4900: best_train=0.944 best_test=0.985 |W|=1204±0 exc=0.46 |  9906s elapsed, ~134.4 min ETA (3.67 s/gen)
  gen 2710/4900: best_train=0.906 best_test=0.992 |W|=1204±0 exc=0.48 |  9957s elapsed, ~134.0 min ETA (3.67 s/gen)
  gen 2720/4900: best_train=0.934 best_test=0.899 |W|=1204±0 exc=0.46 | 10018s elapsed, ~133.7 min ETA (3.68 s/gen)
  gen 2730/4900: best_train=0.934 best_test=0.990 |W|=1204±0 exc=0.46 | 10060s elapsed, ~133.2 min ETA (3.68 s/gen)
  gen 2740/4900: best_train=0.939 best_test=0.993 |W|=1204±0 exc=0.45 | 10108s elapsed, ~132.7 min ETA (3.69 s/gen)
  gen 2750/4900: best_train=0.934 best_test=0.991 |W|=1204±0 exc=0.42 | 10155s elapsed, ~132.2 min ETA (3.69 s/gen)
  gen 2760/4900: best_train=0.927 best_test=0.991 |W|=1204±0 exc=0.43 | 10216s elapsed, ~131.9 min ETA (3.70 s/gen)
  gen 2770/4900: best_train=0.925 best_test=0.942 |W|=1204±0 exc=0.41 | 10267s elapsed, ~131.5 min ETA (3.71 s/gen)
  gen 2780/4900: best_train=0.930 best_test=0.980 |W|=1204±0 exc=0.41 | 10319s elapsed, ~131.0 min ETA (3.71 s/gen)
  gen 2790/4900: best_train=0.946 best_test=0.977 |W|=1204±0 exc=0.44 | 10364s elapsed, ~130.5 min ETA (3.71 s/gen)
  gen 2800/4900: best_train=0.951 best_test=0.988 |W|=1204±0 exc=0.43 | 10410s elapsed, ~130.0 min ETA (3.72 s/gen)
  gen 2810/4900: best_train=0.947 best_test=0.990 |W|=1204±0 exc=0.44 | 10450s elapsed, ~129.4 min ETA (3.72 s/gen)
  gen 2820/4900: best_train=0.909 best_test=0.992 |W|=1204±0 exc=0.48 | 10505s elapsed, ~129.0 min ETA (3.72 s/gen)
  gen 2830/4900: best_train=0.936 best_test=0.986 |W|=1204±0 exc=0.49 | 10547s elapsed, ~128.5 min ETA (3.73 s/gen)
  gen 2840/4900: best_train=0.920 best_test=0.918 |W|=1204±0 exc=0.51 | 10594s elapsed, ~128.0 min ETA (3.73 s/gen)
  gen 2850/4900: best_train=0.945 best_test=0.977 |W|=1204±0 exc=0.54 | 10639s elapsed, ~127.4 min ETA (3.73 s/gen)
  gen 2860/4900: best_train=0.914 best_test=0.925 |W|=1204±0 exc=0.54 | 10687s elapsed, ~126.9 min ETA (3.74 s/gen)
  gen 2870/4900: best_train=0.938 best_test=0.986 |W|=1204±0 exc=0.56 | 10736s elapsed, ~126.5 min ETA (3.74 s/gen)
  gen 2880/4900: best_train=0.933 best_test=0.984 |W|=1204±0 exc=0.55 | 10799s elapsed, ~126.1 min ETA (3.75 s/gen)
  gen 2890/4900: best_train=0.882 best_test=0.965 |W|=1204±0 exc=0.59 | 10843s elapsed, ~125.6 min ETA (3.75 s/gen)
  gen 2900/4900: best_train=0.926 best_test=0.978 |W|=1204±0 exc=0.59 | 10888s elapsed, ~125.0 min ETA (3.75 s/gen)
  gen 2910/4900: best_train=0.906 best_test=0.977 |W|=1204±0 exc=0.62 | 10927s elapsed, ~124.4 min ETA (3.75 s/gen)
  gen 2920/4900: best_train=0.938 best_test=0.995 |W|=1204±0 exc=0.59 | 10978s elapsed, ~124.0 min ETA (3.76 s/gen)
  gen 2930/4900: best_train=0.923 best_test=0.982 |W|=1204±0 exc=0.59 | 11027s elapsed, ~123.5 min ETA (3.76 s/gen)
  gen 2940/4900: best_train=0.912 best_test=0.955 |W|=1204±0 exc=0.58 | 11089s elapsed, ~123.1 min ETA (3.77 s/gen)
  gen 2950/4900: best_train=0.917 best_test=0.930 |W|=1204±0 exc=0.60 | 11139s elapsed, ~122.6 min ETA (3.77 s/gen)
  gen 2960/4900: best_train=0.900 best_test=0.983 |W|=1204±0 exc=0.60 | 11192s elapsed, ~122.2 min ETA (3.78 s/gen)
  gen 2970/4900: best_train=0.921 best_test=0.983 |W|=1204±0 exc=0.62 | 11232s elapsed, ~121.5 min ETA (3.78 s/gen)
  gen 2980/4900: best_train=0.910 best_test=0.977 |W|=1204±0 exc=0.59 | 11279s elapsed, ~121.0 min ETA (3.78 s/gen)
  gen 2990/4900: best_train=0.947 best_test=0.986 |W|=1204±0 exc=0.58 | 11320s elapsed, ~120.4 min ETA (3.78 s/gen)
  gen 3000/4900: best_train=0.937 best_test=0.971 |W|=1204±0 exc=0.60 | 11371s elapsed, ~119.9 min ETA (3.79 s/gen)
  gen 3010/4900: best_train=0.945 best_test=0.981 |W|=1204±0 exc=0.62 | 11422s elapsed, ~119.4 min ETA (3.79 s/gen)
  gen 3020/4900: best_train=0.916 best_test=0.969 |W|=1204±0 exc=0.61 | 11485s elapsed, ~119.1 min ETA (3.80 s/gen)
  gen 3030/4900: best_train=0.926 best_test=0.970 |W|=1204±0 exc=0.59 | 11535s elapsed, ~118.5 min ETA (3.81 s/gen)
  gen 3040/4900: best_train=0.948 best_test=0.981 |W|=1204±0 exc=0.55 | 11586s elapsed, ~118.0 min ETA (3.81 s/gen)
  gen 3050/4900: best_train=0.930 best_test=0.948 |W|=1204±0 exc=0.51 | 11627s elapsed, ~117.4 min ETA (3.81 s/gen)
  gen 3060/4900: best_train=0.939 best_test=0.989 |W|=1204±0 exc=0.47 | 11677s elapsed, ~116.9 min ETA (3.81 s/gen)
  gen 3070/4900: best_train=0.927 best_test=0.978 |W|=1204±0 exc=0.45 | 11723s elapsed, ~116.4 min ETA (3.82 s/gen)
  gen 3080/4900: best_train=0.915 best_test=0.934 |W|=1204±0 exc=0.46 | 11785s elapsed, ~116.0 min ETA (3.82 s/gen)
  gen 3090/4900: best_train=0.942 best_test=0.976 |W|=1203±0 exc=0.46 | 11833s elapsed, ~115.4 min ETA (3.83 s/gen)
  gen 3100/4900: best_train=0.916 best_test=0.949 |W|=1204±0 exc=0.46 | 11891s elapsed, ~115.0 min ETA (3.83 s/gen)
  gen 3110/4900: best_train=0.940 best_test=0.990 |W|=1204±0 exc=0.47 | 11942s elapsed, ~114.5 min ETA (3.84 s/gen)
  gen 3120/4900: best_train=0.950 best_test=0.959 |W|=1204±0 exc=0.48 | 11997s elapsed, ~114.0 min ETA (3.84 s/gen)
  gen 3130/4900: best_train=0.933 best_test=0.983 |W|=1204±0 exc=0.47 | 12037s elapsed, ~113.3 min ETA (3.84 s/gen)
  gen 3140/4900: best_train=0.948 best_test=0.972 |W|=1204±0 exc=0.45 | 12085s elapsed, ~112.8 min ETA (3.85 s/gen)
  gen 3150/4900: best_train=0.924 best_test=0.950 |W|=1204±0 exc=0.41 | 12127s elapsed, ~112.2 min ETA (3.85 s/gen)
  gen 3160/4900: best_train=0.948 best_test=0.927 |W|=1204±0 exc=0.40 | 12191s elapsed, ~111.8 min ETA (3.86 s/gen)
  gen 3170/4900: best_train=0.917 best_test=0.952 |W|=1204±0 exc=0.35 | 12244s elapsed, ~111.3 min ETA (3.86 s/gen)
  gen 3180/4900: best_train=0.931 best_test=0.993 |W|=1204±0 exc=0.37 | 12308s elapsed, ~110.9 min ETA (3.87 s/gen)
  gen 3190/4900: best_train=0.932 best_test=0.967 |W|=1204±0 exc=0.42 | 12353s elapsed, ~110.3 min ETA (3.87 s/gen)
  gen 3200/4900: best_train=0.911 best_test=0.941 |W|=1204±0 exc=0.41 | 12420s elapsed, ~109.9 min ETA (3.88 s/gen)
  gen 3210/4900: best_train=0.932 best_test=0.979 |W|=1204±0 exc=0.40 | 12475s elapsed, ~109.4 min ETA (3.89 s/gen)
  gen 3220/4900: best_train=0.930 best_test=0.992 |W|=1204±0 exc=0.39 | 12539s elapsed, ~108.9 min ETA (3.89 s/gen)
  gen 3230/4900: best_train=0.938 best_test=0.953 |W|=1204±0 exc=0.40 | 12594s elapsed, ~108.4 min ETA (3.90 s/gen)
  gen 3240/4900: best_train=0.930 best_test=0.970 |W|=1204±0 exc=0.39 | 12660s elapsed, ~108.0 min ETA (3.91 s/gen)
  gen 3250/4900: best_train=0.879 best_test=0.992 |W|=1204±0 exc=0.36 | 12707s elapsed, ~107.4 min ETA (3.91 s/gen)
  gen 3260/4900: best_train=0.895 best_test=0.993 |W|=1204±0 exc=0.42 | 12754s elapsed, ~106.8 min ETA (3.91 s/gen)
  gen 3270/4900: best_train=0.946 best_test=0.974 |W|=1204±0 exc=0.43 | 12793s elapsed, ~106.2 min ETA (3.91 s/gen)
  gen 3280/4900: best_train=0.938 best_test=0.977 |W|=1204±0 exc=0.45 | 12844s elapsed, ~105.6 min ETA (3.91 s/gen)
  gen 3290/4900: best_train=0.931 best_test=0.889 |W|=1204±0 exc=0.45 | 12888s elapsed, ~105.0 min ETA (3.92 s/gen)
  gen 3300/4900: best_train=0.926 best_test=0.973 |W|=1204±0 exc=0.46 | 12941s elapsed, ~104.5 min ETA (3.92 s/gen)
  gen 3310/4900: best_train=0.912 best_test=0.991 |W|=1204±0 exc=0.47 | 12983s elapsed, ~103.8 min ETA (3.92 s/gen)
  gen 3320/4900: best_train=0.927 best_test=0.977 |W|=1204±0 exc=0.50 | 13035s elapsed, ~103.3 min ETA (3.93 s/gen)
  gen 3330/4900: best_train=0.944 best_test=0.985 |W|=1204±0 exc=0.49 | 13077s elapsed, ~102.7 min ETA (3.93 s/gen)
  gen 3340/4900: best_train=0.934 best_test=0.929 |W|=1204±0 exc=0.52 | 13129s elapsed, ~102.1 min ETA (3.93 s/gen)
  gen 3350/4900: best_train=0.927 best_test=0.971 |W|=1204±0 exc=0.52 | 13171s elapsed, ~101.5 min ETA (3.93 s/gen)
  gen 3360/4900: best_train=0.906 best_test=0.985 |W|=1204±0 exc=0.51 | 13223s elapsed, ~100.9 min ETA (3.93 s/gen)
  gen 3370/4900: best_train=0.953 best_test=0.986 |W|=1204±0 exc=0.48 | 13265s elapsed, ~100.3 min ETA (3.93 s/gen)
  gen 3380/4900: best_train=0.932 best_test=0.986 |W|=1204±0 exc=0.43 | 13316s elapsed, ~99.7 min ETA (3.94 s/gen)
  gen 3390/4900: best_train=0.924 best_test=0.994 |W|=1204±0 exc=0.43 | 13358s elapsed, ~99.1 min ETA (3.94 s/gen)
  gen 3400/4900: best_train=0.897 best_test=0.984 |W|=1204±0 exc=0.43 | 13410s elapsed, ~98.5 min ETA (3.94 s/gen)
  gen 3410/4900: best_train=0.939 best_test=0.991 |W|=1204±0 exc=0.44 | 13452s elapsed, ~97.9 min ETA (3.94 s/gen)
  gen 3420/4900: best_train=0.933 best_test=0.986 |W|=1204±0 exc=0.45 | 13504s elapsed, ~97.3 min ETA (3.95 s/gen)
  gen 3430/4900: best_train=0.934 best_test=0.991 |W|=1204±0 exc=0.49 | 13547s elapsed, ~96.7 min ETA (3.95 s/gen)
  gen 3440/4900: best_train=0.925 best_test=0.980 |W|=1204±0 exc=0.51 | 13599s elapsed, ~96.1 min ETA (3.95 s/gen)
  gen 3450/4900: best_train=0.945 best_test=0.926 |W|=1204±0 exc=0.49 | 13642s elapsed, ~95.5 min ETA (3.95 s/gen)
  gen 3460/4900: best_train=0.924 best_test=0.964 |W|=1204±0 exc=0.47 | 13694s elapsed, ~94.9 min ETA (3.96 s/gen)
  gen 3470/4900: best_train=0.929 best_test=0.955 |W|=1204±0 exc=0.46 | 13737s elapsed, ~94.3 min ETA (3.96 s/gen)
  gen 3480/4900: best_train=0.886 best_test=0.941 |W|=1204±0 exc=0.47 | 13790s elapsed, ~93.7 min ETA (3.96 s/gen)
  gen 3490/4900: best_train=0.919 best_test=0.981 |W|=1204±0 exc=0.47 | 13834s elapsed, ~93.1 min ETA (3.96 s/gen)
  gen 3500/4900: best_train=0.932 best_test=0.992 |W|=1204±0 exc=0.49 | 13887s elapsed, ~92.5 min ETA (3.97 s/gen)
  gen 3510/4900: best_train=0.927 best_test=0.985 |W|=1204±0 exc=0.50 | 13942s elapsed, ~91.9 min ETA (3.97 s/gen)
  gen 3520/4900: best_train=0.913 best_test=0.991 |W|=1204±0 exc=0.50 | 14010s elapsed, ~91.4 min ETA (3.98 s/gen)
  gen 3530/4900: best_train=0.905 best_test=0.978 |W|=1204±0 exc=0.53 | 14066s elapsed, ~90.9 min ETA (3.98 s/gen)
  gen 3540/4900: best_train=0.948 best_test=0.969 |W|=1204±0 exc=0.54 | 14117s elapsed, ~90.3 min ETA (3.99 s/gen)
  gen 3550/4900: best_train=0.918 best_test=0.987 |W|=1204±0 exc=0.54 | 14155s elapsed, ~89.6 min ETA (3.99 s/gen)
  gen 3560/4900: best_train=0.889 best_test=0.980 |W|=1204±0 exc=0.55 | 14208s elapsed, ~89.0 min ETA (3.99 s/gen)
  gen 3570/4900: best_train=0.946 best_test=0.987 |W|=1204±0 exc=0.53 | 14251s elapsed, ~88.4 min ETA (3.99 s/gen)
  gen 3580/4900: best_train=0.914 best_test=0.964 |W|=1204±0 exc=0.53 | 14303s elapsed, ~87.8 min ETA (3.99 s/gen)
  gen 3590/4900: best_train=0.928 best_test=0.989 |W|=1204±0 exc=0.50 | 14347s elapsed, ~87.2 min ETA (4.00 s/gen)
  gen 3600/4900: best_train=0.909 best_test=0.978 |W|=1204±0 exc=0.51 | 14401s elapsed, ~86.6 min ETA (4.00 s/gen)
  gen 3610/4900: best_train=0.940 best_test=0.975 |W|=1204±0 exc=0.54 | 14444s elapsed, ~85.9 min ETA (4.00 s/gen)
  gen 3620/4900: best_train=0.940 best_test=0.969 |W|=1204±0 exc=0.52 | 14497s elapsed, ~85.3 min ETA (4.00 s/gen)
  gen 3630/4900: best_train=0.914 best_test=0.951 |W|=1204±0 exc=0.54 | 14541s elapsed, ~84.7 min ETA (4.00 s/gen)
  gen 3640/4900: best_train=0.913 best_test=0.953 |W|=1204±0 exc=0.54 | 14590s elapsed, ~84.1 min ETA (4.01 s/gen)
  gen 3650/4900: best_train=0.916 best_test=0.988 |W|=1204±0 exc=0.50 | 14647s elapsed, ~83.5 min ETA (4.01 s/gen)
  gen 3660/4900: best_train=0.932 best_test=0.995 |W|=1204±0 exc=0.51 | 14717s elapsed, ~83.0 min ETA (4.02 s/gen)
  gen 3670/4900: best_train=0.921 best_test=0.961 |W|=1204±0 exc=0.49 | 14771s elapsed, ~82.4 min ETA (4.02 s/gen)
  gen 3680/4900: best_train=0.883 best_test=0.953 |W|=1204±0 exc=0.51 | 14837s elapsed, ~81.9 min ETA (4.03 s/gen)
  gen 3690/4900: best_train=0.897 best_test=0.967 |W|=1204±0 exc=0.51 | 14895s elapsed, ~81.3 min ETA (4.04 s/gen)
  gen 3700/4900: best_train=0.925 best_test=0.974 |W|=1204±0 exc=0.51 | 14964s elapsed, ~80.8 min ETA (4.04 s/gen)
  gen 3710/4900: best_train=0.935 best_test=0.974 |W|=1204±0 exc=0.53 | 15021s elapsed, ~80.2 min ETA (4.05 s/gen)
  gen 3720/4900: best_train=0.922 best_test=0.974 |W|=1204±0 exc=0.56 | 15085s elapsed, ~79.7 min ETA (4.05 s/gen)
  gen 3730/4900: best_train=0.950 best_test=0.989 |W|=1204±0 exc=0.55 | 15134s elapsed, ~79.0 min ETA (4.06 s/gen)
  gen 3740/4900: best_train=0.921 best_test=0.995 |W|=1204±0 exc=0.55 | 15203s elapsed, ~78.5 min ETA (4.06 s/gen)
  gen 3750/4900: best_train=0.937 best_test=0.994 |W|=1204±0 exc=0.56 | 15261s elapsed, ~77.9 min ETA (4.07 s/gen)
  gen 3760/4900: best_train=0.919 best_test=0.979 |W|=1204±0 exc=0.56 | 15318s elapsed, ~77.3 min ETA (4.07 s/gen)
  gen 3770/4900: best_train=0.936 best_test=0.984 |W|=1204±0 exc=0.57 | 15358s elapsed, ~76.6 min ETA (4.07 s/gen)
  gen 3780/4900: best_train=0.949 best_test=0.932 |W|=1204±0 exc=0.61 | 15407s elapsed, ~76.0 min ETA (4.07 s/gen)
  gen 3790/4900: best_train=0.917 best_test=0.965 |W|=1204±0 exc=0.59 | 15453s elapsed, ~75.3 min ETA (4.08 s/gen)
  gen 3800/4900: best_train=0.935 best_test=0.992 |W|=1203±0 exc=0.58 | 15507s elapsed, ~74.7 min ETA (4.08 s/gen)
  gen 3810/4900: best_train=0.934 best_test=0.986 |W|=1203±0 exc=0.56 | 15552s elapsed, ~74.1 min ETA (4.08 s/gen)
  gen 3820/4900: best_train=0.929 best_test=0.991 |W|=1203±0 exc=0.57 | 15606s elapsed, ~73.4 min ETA (4.08 s/gen)
  gen 3830/4900: best_train=0.955 best_test=0.988 |W|=1203±0 exc=0.58 | 15651s elapsed, ~72.8 min ETA (4.09 s/gen)
  gen 3840/4900: best_train=0.888 best_test=0.991 |W|=1203±0 exc=0.57 | 15705s elapsed, ~72.2 min ETA (4.09 s/gen)
  gen 3850/4900: best_train=0.943 best_test=0.987 |W|=1203±0 exc=0.56 | 15749s elapsed, ~71.5 min ETA (4.09 s/gen)
  gen 3860/4900: best_train=0.923 best_test=0.982 |W|=1203±0 exc=0.55 | 15803s elapsed, ~70.9 min ETA (4.09 s/gen)
  gen 3870/4900: best_train=0.957 best_test=0.985 |W|=1203±0 exc=0.59 | 15847s elapsed, ~70.2 min ETA (4.09 s/gen)
  gen 3880/4900: best_train=0.927 best_test=0.991 |W|=1203±0 exc=0.59 | 15902s elapsed, ~69.6 min ETA (4.10 s/gen)
  gen 3890/4900: best_train=0.951 best_test=0.982 |W|=1203±0 exc=0.57 | 15947s elapsed, ~68.9 min ETA (4.10 s/gen)
  gen 3900/4900: best_train=0.905 best_test=0.985 |W|=1203±0 exc=0.61 | 16001s elapsed, ~68.3 min ETA (4.10 s/gen)
  gen 3910/4900: best_train=0.943 best_test=0.980 |W|=1203±0 exc=0.59 | 16045s elapsed, ~67.6 min ETA (4.10 s/gen)
  gen 3920/4900: best_train=0.940 best_test=0.974 |W|=1203±0 exc=0.62 | 16099s elapsed, ~67.0 min ETA (4.11 s/gen)
  gen 3930/4900: best_train=0.928 best_test=0.975 |W|=1203±0 exc=0.60 | 16143s elapsed, ~66.3 min ETA (4.11 s/gen)
  gen 3940/4900: best_train=0.945 best_test=0.942 |W|=1203±0 exc=0.58 | 16200s elapsed, ~65.7 min ETA (4.11 s/gen)
  gen 3950/4900: best_train=0.927 best_test=0.989 |W|=1203±0 exc=0.58 | 16245s elapsed, ~65.0 min ETA (4.11 s/gen)
  gen 3960/4900: best_train=0.926 best_test=0.969 |W|=1203±0 exc=0.60 | 16301s elapsed, ~64.4 min ETA (4.12 s/gen)
  gen 3970/4900: best_train=0.924 best_test=0.966 |W|=1203±0 exc=0.61 | 16346s elapsed, ~63.7 min ETA (4.12 s/gen)
  gen 3980/4900: best_train=0.954 best_test=0.972 |W|=1202±0 exc=0.61 | 16401s elapsed, ~63.1 min ETA (4.12 s/gen)
  gen 3990/4900: best_train=0.932 best_test=0.982 |W|=1202±0 exc=0.59 | 16446s elapsed, ~62.4 min ETA (4.12 s/gen)
  gen 4000/4900: best_train=0.914 best_test=0.983 |W|=1202±0 exc=0.60 | 16501s elapsed, ~61.8 min ETA (4.12 s/gen)
  gen 4010/4900: best_train=0.924 best_test=0.949 |W|=1202±0 exc=0.56 | 16547s elapsed, ~61.1 min ETA (4.13 s/gen)
  gen 4020/4900: best_train=0.911 best_test=0.951 |W|=1202±0 exc=0.54 | 16603s elapsed, ~60.5 min ETA (4.13 s/gen)
  gen 4030/4900: best_train=0.898 best_test=0.956 |W|=1202±0 exc=0.53 | 16647s elapsed, ~59.8 min ETA (4.13 s/gen)
  gen 4040/4900: best_train=0.927 best_test=0.994 |W|=1202±0 exc=0.51 | 16702s elapsed, ~59.2 min ETA (4.13 s/gen)
  gen 4050/4900: best_train=0.919 best_test=0.944 |W|=1202±0 exc=0.49 | 16748s elapsed, ~58.5 min ETA (4.13 s/gen)
  gen 4060/4900: best_train=0.943 best_test=0.973 |W|=1202±0 exc=0.49 | 16803s elapsed, ~57.9 min ETA (4.14 s/gen)
  gen 4070/4900: best_train=0.898 best_test=0.962 |W|=1202±0 exc=0.51 | 16848s elapsed, ~57.2 min ETA (4.14 s/gen)
  gen 4080/4900: best_train=0.949 best_test=0.956 |W|=1202±0 exc=0.53 | 16903s elapsed, ~56.5 min ETA (4.14 s/gen)
  gen 4090/4900: best_train=0.936 best_test=0.970 |W|=1202±0 exc=0.58 | 16949s elapsed, ~55.9 min ETA (4.14 s/gen)
  gen 4100/4900: best_train=0.915 best_test=0.968 |W|=1202±0 exc=0.60 | 17005s elapsed, ~55.2 min ETA (4.15 s/gen)
  gen 4110/4900: best_train=0.930 best_test=0.979 |W|=1202±0 exc=0.57 | 17063s elapsed, ~54.6 min ETA (4.15 s/gen)
  gen 4120/4900: best_train=0.940 best_test=0.987 |W|=1202±0 exc=0.59 | 17134s elapsed, ~54.0 min ETA (4.16 s/gen)
  gen 4130/4900: best_train=0.930 best_test=0.976 |W|=1202±0 exc=0.58 | 17196s elapsed, ~53.4 min ETA (4.16 s/gen)
  gen 4140/4900: best_train=0.933 best_test=0.988 |W|=1202±0 exc=0.57 | 17270s elapsed, ~52.8 min ETA (4.17 s/gen)
  gen 4150/4900: best_train=0.891 best_test=0.990 |W|=1202±0 exc=0.56 | 17331s elapsed, ~52.1 min ETA (4.18 s/gen)
  gen 4160/4900: best_train=0.956 best_test=0.969 |W|=1202±0 exc=0.55 | 17404s elapsed, ~51.5 min ETA (4.18 s/gen)
  gen 4170/4900: best_train=0.930 best_test=0.959 |W|=1202±0 exc=0.60 | 17464s elapsed, ~50.9 min ETA (4.19 s/gen)
  gen 4180/4900: best_train=0.932 best_test=0.979 |W|=1202±0 exc=0.61 | 17516s elapsed, ~50.2 min ETA (4.19 s/gen)
  gen 4190/4900: best_train=0.924 best_test=0.985 |W|=1202±0 exc=0.64 | 17557s elapsed, ~49.5 min ETA (4.19 s/gen)
  gen 4200/4900: best_train=0.902 best_test=0.994 |W|=1202±0 exc=0.62 | 17618s elapsed, ~48.9 min ETA (4.19 s/gen)
  gen 4210/4900: best_train=0.938 best_test=0.990 |W|=1202±0 exc=0.59 | 17680s elapsed, ~48.2 min ETA (4.20 s/gen)
  gen 4220/4900: best_train=0.939 best_test=0.994 |W|=1202±0 exc=0.53 | 17753s elapsed, ~47.6 min ETA (4.21 s/gen)
  gen 4230/4900: best_train=0.932 best_test=0.985 |W|=1202±0 exc=0.56 | 17813s elapsed, ~46.9 min ETA (4.21 s/gen)
  gen 4240/4900: best_train=0.931 best_test=0.987 |W|=1202±0 exc=0.59 | 17884s elapsed, ~46.3 min ETA (4.22 s/gen)
  gen 4250/4900: best_train=0.945 best_test=0.981 |W|=1202±0 exc=0.62 | 17944s elapsed, ~45.7 min ETA (4.22 s/gen)
  gen 4260/4900: best_train=0.924 best_test=0.939 |W|=1202±0 exc=0.61 | 18016s elapsed, ~45.0 min ETA (4.23 s/gen)
  gen 4270/4900: best_train=0.925 best_test=0.981 |W|=1202±0 exc=0.65 | 18077s elapsed, ~44.4 min ETA (4.23 s/gen)
  gen 4280/4900: best_train=0.928 best_test=0.981 |W|=1202±0 exc=0.63 | 18150s elapsed, ~43.7 min ETA (4.24 s/gen)
  gen 4290/4900: best_train=0.944 best_test=0.963 |W|=1202±0 exc=0.63 | 18211s elapsed, ~43.1 min ETA (4.24 s/gen)
  gen 4300/4900: best_train=0.899 best_test=0.941 |W|=1202±0 exc=0.64 | 18285s elapsed, ~42.4 min ETA (4.25 s/gen)
  gen 4310/4900: best_train=0.937 best_test=0.970 |W|=1202±0 exc=0.61 | 18346s elapsed, ~41.8 min ETA (4.26 s/gen)
  gen 4320/4900: best_train=0.956 best_test=0.985 |W|=1202±0 exc=0.61 | 18421s elapsed, ~41.1 min ETA (4.26 s/gen)
  gen 4330/4900: best_train=0.932 best_test=0.991 |W|=1202±0 exc=0.61 | 18481s elapsed, ~40.5 min ETA (4.27 s/gen)
  gen 4340/4900: best_train=0.922 best_test=0.961 |W|=1202±0 exc=0.63 | 18555s elapsed, ~39.8 min ETA (4.27 s/gen)
  gen 4350/4900: best_train=0.933 best_test=0.983 |W|=1202±0 exc=0.60 | 18616s elapsed, ~39.1 min ETA (4.28 s/gen)
  gen 4360/4900: best_train=0.946 best_test=0.984 |W|=1202±0 exc=0.60 | 18688s elapsed, ~38.5 min ETA (4.29 s/gen)
  gen 4370/4900: best_train=0.924 best_test=0.978 |W|=1202±0 exc=0.61 | 18749s elapsed, ~37.8 min ETA (4.29 s/gen)
  gen 4380/4900: best_train=0.940 best_test=0.970 |W|=1202±0 exc=0.62 | 18824s elapsed, ~37.2 min ETA (4.30 s/gen)
  gen 4390/4900: best_train=0.928 best_test=0.969 |W|=1202±0 exc=0.63 | 18885s elapsed, ~36.5 min ETA (4.30 s/gen)
  gen 4400/4900: best_train=0.917 best_test=0.982 |W|=1202±0 exc=0.62 | 18960s elapsed, ~35.8 min ETA (4.31 s/gen)
  gen 4410/4900: best_train=0.951 best_test=0.973 |W|=1202±0 exc=0.62 | 19022s elapsed, ~35.1 min ETA (4.31 s/gen)
  gen 4420/4900: best_train=0.949 best_test=0.987 |W|=1202±0 exc=0.61 | 19096s elapsed, ~34.5 min ETA (4.32 s/gen)
  gen 4430/4900: best_train=0.958 best_test=0.985 |W|=1202±0 exc=0.61 | 19157s elapsed, ~33.8 min ETA (4.32 s/gen)
  gen 4440/4900: best_train=0.949 best_test=0.982 |W|=1202±0 exc=0.58 | 19231s elapsed, ~33.1 min ETA (4.33 s/gen)
  gen 4450/4900: best_train=0.937 best_test=0.974 |W|=1202±0 exc=0.60 | 19292s elapsed, ~32.4 min ETA (4.33 s/gen)
  gen 4460/4900: best_train=0.939 best_test=0.979 |W|=1202±0 exc=0.57 | 19366s elapsed, ~31.8 min ETA (4.34 s/gen)
  gen 4470/4900: best_train=0.934 best_test=0.979 |W|=1202±0 exc=0.55 | 19429s elapsed, ~31.1 min ETA (4.35 s/gen)
  gen 4480/4900: best_train=0.955 best_test=0.981 |W|=1202±0 exc=0.54 | 19502s elapsed, ~30.4 min ETA (4.35 s/gen)
  gen 4490/4900: best_train=0.916 best_test=0.978 |W|=1202±0 exc=0.56 | 19565s elapsed, ~29.7 min ETA (4.36 s/gen)
  gen 4500/4900: best_train=0.920 best_test=0.962 |W|=1202±0 exc=0.57 | 19639s elapsed, ~29.0 min ETA (4.36 s/gen)
  gen 4510/4900: best_train=0.950 best_test=0.982 |W|=1202±0 exc=0.54 | 19702s elapsed, ~28.3 min ETA (4.37 s/gen)
  gen 4520/4900: best_train=0.907 best_test=0.992 |W|=1202±0 exc=0.58 | 19775s elapsed, ~27.6 min ETA (4.37 s/gen)
  gen 4530/4900: best_train=0.925 best_test=0.994 |W|=1202±0 exc=0.58 | 19838s elapsed, ~26.9 min ETA (4.38 s/gen)
  gen 4540/4900: best_train=0.936 best_test=0.963 |W|=1202±0 exc=0.56 | 19914s elapsed, ~26.2 min ETA (4.39 s/gen)
  gen 4550/4900: best_train=0.952 best_test=0.986 |W|=1202±0 exc=0.56 | 19977s elapsed, ~25.5 min ETA (4.39 s/gen)
  gen 4560/4900: best_train=0.916 best_test=0.988 |W|=1202±0 exc=0.60 | 20052s elapsed, ~24.8 min ETA (4.40 s/gen)
  gen 4570/4900: best_train=0.941 best_test=0.966 |W|=1202±0 exc=0.57 | 20114s elapsed, ~24.1 min ETA (4.40 s/gen)
  gen 4580/4900: best_train=0.947 best_test=0.973 |W|=1202±0 exc=0.57 | 20188s elapsed, ~23.4 min ETA (4.41 s/gen)
  gen 4590/4900: best_train=0.914 best_test=0.951 |W|=1202±0 exc=0.56 | 20252s elapsed, ~22.7 min ETA (4.41 s/gen)
  gen 4600/4900: best_train=0.943 best_test=0.959 |W|=1202±0 exc=0.56 | 20328s elapsed, ~22.0 min ETA (4.42 s/gen)
  gen 4610/4900: best_train=0.932 best_test=0.979 |W|=1202±0 exc=0.55 | 20392s elapsed, ~21.3 min ETA (4.42 s/gen)
  gen 4620/4900: best_train=0.932 best_test=0.988 |W|=1202±0 exc=0.58 | 20468s elapsed, ~20.6 min ETA (4.43 s/gen)
  gen 4630/4900: best_train=0.930 best_test=0.964 |W|=1202±0 exc=0.57 | 20530s elapsed, ~19.9 min ETA (4.43 s/gen)
  gen 4640/4900: best_train=0.938 best_test=0.990 |W|=1202±0 exc=0.56 | 20605s elapsed, ~19.2 min ETA (4.44 s/gen)
  gen 4650/4900: best_train=0.899 best_test=0.987 |W|=1202±0 exc=0.54 | 20669s elapsed, ~18.4 min ETA (4.44 s/gen)
  gen 4660/4900: best_train=0.918 best_test=0.947 |W|=1202±0 exc=0.53 | 20744s elapsed, ~17.7 min ETA (4.45 s/gen)
  gen 4670/4900: best_train=0.936 best_test=0.970 |W|=1202±0 exc=0.51 | 20807s elapsed, ~17.0 min ETA (4.45 s/gen)
  gen 4680/4900: best_train=0.938 best_test=0.955 |W|=1202±0 exc=0.49 | 20883s elapsed, ~16.3 min ETA (4.46 s/gen)
  gen 4690/4900: best_train=0.909 best_test=0.961 |W|=1202±0 exc=0.52 | 20946s elapsed, ~15.6 min ETA (4.47 s/gen)
  gen 4700/4900: best_train=0.939 best_test=0.958 |W|=1202±0 exc=0.51 | 21023s elapsed, ~14.8 min ETA (4.47 s/gen)
  gen 4710/4900: best_train=0.900 best_test=0.985 |W|=1202±0 exc=0.51 | 21086s elapsed, ~14.1 min ETA (4.48 s/gen)
  gen 4720/4900: best_train=0.920 best_test=0.974 |W|=1202±0 exc=0.53 | 21162s elapsed, ~13.4 min ETA (4.48 s/gen)
  gen 4730/4900: best_train=0.918 best_test=0.946 |W|=1202±0 exc=0.54 | 21225s elapsed, ~12.6 min ETA (4.49 s/gen)
  gen 4740/4900: best_train=0.893 best_test=0.989 |W|=1202±0 exc=0.57 | 21300s elapsed, ~11.9 min ETA (4.49 s/gen)
  gen 4750/4900: best_train=0.942 best_test=0.979 |W|=1202±0 exc=0.57 | 21364s elapsed, ~11.2 min ETA (4.50 s/gen)
  gen 4760/4900: best_train=0.947 best_test=0.988 |W|=1202±0 exc=0.55 | 21440s elapsed, ~10.4 min ETA (4.50 s/gen)
  gen 4770/4900: best_train=0.934 best_test=0.992 |W|=1202±0 exc=0.55 | 21506s elapsed, ~ 9.7 min ETA (4.51 s/gen)
  gen 4780/4900: best_train=0.949 best_test=0.958 |W|=1202±0 exc=0.54 | 21584s elapsed, ~ 9.0 min ETA (4.51 s/gen)
  gen 4790/4900: best_train=0.953 best_test=0.934 |W|=1202±0 exc=0.55 | 21648s elapsed, ~ 8.2 min ETA (4.52 s/gen)
  gen 4800/4900: best_train=0.918 best_test=0.961 |W|=1202±0 exc=0.54 | 21725s elapsed, ~ 7.5 min ETA (4.53 s/gen)
  gen 4810/4900: best_train=0.944 best_test=0.993 |W|=1202±0 exc=0.51 | 21791s elapsed, ~ 6.7 min ETA (4.53 s/gen)
  gen 4820/4900: best_train=0.935 best_test=0.984 |W|=1202±0 exc=0.51 | 21868s elapsed, ~ 6.0 min ETA (4.54 s/gen)
  gen 4830/4900: best_train=0.939 best_test=0.983 |W|=1202±0 exc=0.53 | 21934s elapsed, ~ 5.2 min ETA (4.54 s/gen)
  gen 4840/4900: best_train=0.932 best_test=0.976 |W|=1202±0 exc=0.54 | 22011s elapsed, ~ 4.5 min ETA (4.55 s/gen)
  gen 4850/4900: best_train=0.920 best_test=0.991 |W|=1202±0 exc=0.50 | 22076s elapsed, ~ 3.7 min ETA (4.55 s/gen)
  gen 4860/4900: best_train=0.933 best_test=0.977 |W|=1202±0 exc=0.49 | 22152s elapsed, ~ 3.0 min ETA (4.56 s/gen)
  gen 4870/4900: best_train=0.946 best_test=0.984 |W|=1202±0 exc=0.51 | 22217s elapsed, ~ 2.2 min ETA (4.56 s/gen)
  gen 4880/4900: best_train=0.936 best_test=0.943 |W|=1202±0 exc=0.52 | 22295s elapsed, ~ 1.4 min ETA (4.57 s/gen)
  gen 4890/4900: best_train=0.934 best_test=0.969 |W|=1202±0 exc=0.53 | 22359s elapsed, ~ 0.7 min ETA (4.57 s/gen)
  gen 4899/4900: best_train=0.930 best_test=0.963 |W|=1202±0 exc=0.53 | 22430s elapsed, ~ 0.0 min ETA (4.58 s/gen)

=== GATE A ROUTING TRAJECTORY (champion E|rates on the 200-env probe) ===
   gen   E|rates   E|state  best_train
     0     0.995     0.389       0.942
    20     0.998     0.381       0.950
    40     0.957     0.433       0.927
    60     0.991     0.400       0.952
    80     0.990     0.347       0.942
   100     0.999     0.485       0.951
   120     0.989     0.438       0.944
   140     0.998     0.372       0.942
   160     0.996     0.439       0.955
   180     1.000     0.416       0.930
   200     0.998     0.554       0.915
   220     1.000     0.405       0.950
   240     0.998     0.465       0.935
   260     1.000     0.441       0.889
   280     0.999     0.381       0.903
   300     1.000     0.449       0.927
   320     1.000     0.445       0.934
   340     0.999     0.431       0.943
   360     0.991     0.425       0.944
   380     0.997     0.408       0.940
   400     1.000     0.380       0.939
   420     1.000     0.400       0.915
   440     1.000     0.401       0.925
   460     0.999     0.385       0.930
   480     1.000     0.406       0.934
   500     1.000     0.421       0.936
   520     0.999     0.393       0.928
   540     0.998     0.390       0.946
   560     1.000     0.403       0.938
   580     1.000     0.392       0.943
   600     1.000     0.398       0.946
   620     1.000     0.385       0.932
   640     0.999     0.386       0.933
   660     1.000     0.403       0.908
   680     1.000     0.409       0.911
   700     1.000     0.404       0.907
   720     1.000     0.395       0.942
   740     1.000     0.405       0.918
   760     1.000     0.390       0.941
   780     1.000     0.418       0.933
   800     0.999     0.400       0.905
   820     1.000     0.404       0.948
   840     1.000     0.420       0.930
   860     1.000     0.404       0.947
   880     1.000     0.380       0.934
   900     1.000     0.403       0.924
   920     1.000     0.406       0.917
   940     1.000     0.389       0.945
   960     1.000     0.400       0.924
   980     0.997     0.387       0.923
  1000     1.000     0.390       0.908
  1020     0.999     0.407       0.918
  1040     1.000     0.385       0.944
  1060     1.000     0.408       0.934
  1080     1.000     0.393       0.914
  1100     1.000     0.390       0.924
  1120     1.000     0.397       0.918
  1140     1.000     0.400       0.932
  1160     1.000     0.394       0.937
  1180     0.998     0.409       0.933
  1200     1.000     0.390       0.933
  1220     1.000     0.388       0.957
  1240     1.000     0.401       0.941
  1260     1.000     0.399       0.922
  1280     1.000     0.413       0.935
  1300     1.000     0.406       0.915
  1320     1.000     0.385       0.936
  1340     1.000     0.404       0.947
  1360     1.000     0.398       0.946
  1380     0.999     0.390       0.945
  1400     1.000     0.393       0.922
  1420     1.000     0.389       0.921
  1440     1.000     0.391       0.945
  1460     1.000     0.405       0.932
  1480     0.999     0.393       0.925
  1500     1.000     0.401       0.934
  1520     1.000     0.392       0.932
  1540     1.000     0.387       0.942
  1560     1.000     0.415       0.921
  1580     1.000     0.388       0.953
  1600     1.000     0.410       0.919
  1620     1.000     0.393       0.946
  1640     1.000     0.409       0.948
  1660     1.000     0.397       0.887
  1680     1.000     0.408       0.910
  1700     1.000     0.390       0.933
  1720     1.000     0.364       0.912
  1740     1.000     0.393       0.942
  1760     1.000     0.395       0.921
  1780     1.000     0.422       0.938
  1800     1.000     0.397       0.896
  1820     1.000     0.401       0.920
  1840     1.000     0.394       0.925
  1860     1.000     0.382       0.945
  1880     1.000     0.397       0.950
  1900     1.000     0.390       0.937
  1920     1.000     0.392       0.914
  1940     1.000     0.390       0.923
  1960     1.000     0.392       0.908
  1980     1.000     0.402       0.938
  2000     1.000     0.412       0.924
  2020     1.000     0.399       0.934
  2040     1.000     0.391       0.924
  2060     1.000     0.380       0.893
  2080     1.000     0.398       0.898
  2100     0.998     0.391       0.905
  2120     1.000     0.392       0.933
  2140     1.000     0.413       0.949
  2160     1.000     0.402       0.940
  2180     1.000     0.414       0.902
  2200     1.000     0.396       0.932
  2220     1.000     0.394       0.930
  2240     1.000     0.403       0.925
  2260     1.000     0.402       0.914
  2280     1.000     0.393       0.937
  2300     1.000     0.414       0.913
  2320     1.000     0.382       0.921
  2340     1.000     0.398       0.923
  2360     1.000     0.387       0.947
  2380     1.000     0.387       0.922
  2400     1.000     0.405       0.943
  2420     1.000     0.402       0.910
  2440     1.000     0.389       0.904
  2460     1.000     0.397       0.926
  2480     1.000     0.387       0.924
  2500     1.000     0.389       0.940
  2520     0.999     0.390       0.952
  2540     0.999     0.402       0.948
  2560     1.000     0.387       0.943
  2580     1.000     0.392       0.931
  2600     1.000     0.401       0.919
  2620     1.000     0.417       0.955
  2640     1.000     0.405       0.914
  2660     1.000     0.415       0.934
  2680     0.999     0.407       0.925
  2700     1.000     0.396       0.944
  2720     1.000     0.407       0.934
  2740     1.000     0.412       0.939
  2760     1.000     0.375       0.927
  2780     1.000     0.394       0.930
  2800     1.000     0.399       0.951
  2820     1.000     0.405       0.909
  2840     1.000     0.392       0.920
  2860     0.999     0.399       0.914
  2880     1.000     0.405       0.933
  2900     1.000     0.382       0.926
  2920     1.000     0.401       0.938
  2940     1.000     0.389       0.912
  2960     1.000     0.398       0.900
  2980     1.000     0.407       0.910
  3000     1.000     0.406       0.937
  3020     1.000     0.386       0.916
  3040     0.999     0.396       0.948
  3060     1.000     0.396       0.939
  3080     1.000     0.392       0.915
  3100     1.000     0.390       0.916
  3120     1.000     0.390       0.950
  3140     1.000     0.392       0.948
  3160     1.000     0.382       0.948
  3180     1.000     0.398       0.931
  3200     1.000     0.385       0.911
  3220     1.000     0.388       0.930
  3240     1.000     0.385       0.930
  3260     0.999     0.408       0.895
  3280     1.000     0.402       0.938
  3300     1.000     0.415       0.926
  3320     1.000     0.395       0.927
  3340     1.000     0.394       0.934
  3360     1.000     0.412       0.906
  3380     1.000     0.409       0.932
  3400     1.000     0.426       0.897
  3420     1.000     0.419       0.933
  3440     1.000     0.380       0.925
  3460     1.000     0.406       0.924
  3480     1.000     0.406       0.886
  3500     1.000     0.390       0.932
  3520     1.000     0.404       0.913
  3540     1.000     0.405       0.948
  3560     1.000     0.387       0.889
  3580     1.000     0.397       0.914
  3600     0.999     0.384       0.909
  3620     1.000     0.404       0.940
  3640     1.000     0.402       0.913
  3660     0.999     0.399       0.932
  3680     0.999     0.395       0.883
  3700     1.000     0.395       0.925
  3720     1.000     0.377       0.922
  3740     1.000     0.405       0.921
  3760     1.000     0.408       0.919
  3780     1.000     0.383       0.949
  3800     1.000     0.403       0.935
  3820     1.000     0.380       0.929
  3840     0.999     0.399       0.888
  3860     1.000     0.394       0.923
  3880     1.000     0.396       0.927
  3900     1.000     0.412       0.905
  3920     1.000     0.398       0.940
  3940     1.000     0.390       0.945
  3960     1.000     0.385       0.926
  3980     1.000     0.418       0.954
  4000     1.000     0.379       0.914
  4020     1.000     0.411       0.911
  4040     1.000     0.392       0.927
  4060     1.000     0.388       0.943
  4080     1.000     0.405       0.949
  4100     0.999     0.416       0.915
  4120     1.000     0.402       0.940
  4140     1.000     0.382       0.933
  4160     1.000     0.393       0.956
  4180     1.000     0.383       0.932
  4200     1.000     0.394       0.902
  4220     1.000     0.400       0.939
  4240     1.000     0.383       0.931
  4260     1.000     0.379       0.924
  4280     1.000     0.412       0.928
  4300     1.000     0.403       0.899
  4320     1.000     0.409       0.956
  4340     1.000     0.388       0.922
  4360     1.000     0.398       0.946
  4380     1.000     0.404       0.940
  4400     1.000     0.385       0.917
  4420     1.000     0.400       0.949
  4440     1.000     0.399       0.949
  4460     0.999     0.382       0.939
  4480     1.000     0.391       0.955
  4500     1.000     0.376       0.920
  4520     0.999     0.401       0.907
  4540     1.000     0.390       0.936
  4560     1.000     0.381       0.916
  4580     1.000     0.391       0.947
  4600     1.000     0.406       0.943
  4620     1.000     0.371       0.932
  4640     1.000     0.400       0.938
  4660     1.000     0.383       0.918
  4680     1.000     0.395       0.938
  4700     0.998     0.420       0.939
  4720     0.999     0.415       0.920
  4740     1.000     0.401       0.893
  4760     1.000     0.411       0.947
  4780     0.999     0.389       0.949
  4800     1.000     0.400       0.918
  4820     1.000     0.415       0.935
  4840     1.000     0.391       0.932
  4860     0.999     0.403       0.933
  4880     0.999     0.390       0.936
  4899     0.999     0.413       0.930

=== VERDICT (D081) ===
  E|rates: 0.995 (gen 0) -> 0.999 (gen 4899)   fell -0.003
  E|state ceiling at end: 0.413
  => FAIL -- routing not established. Investigate BEFORE Gate B (D080 fail-map).

  secondary (D080): champion train 0.930 vs memoryless floor 1.095 -- beating it needs CONTEXT (level-2, blocked D076); BELOW floor (unexpected!)
