# analysis log: trial_coupling_sweep
# timestamp: 2026-07-26T12:18:53.507555
# command: scripts/trial_coupling_sweep.py
# recurrent coupling strength x {intact, ablated} -- does recurrence contribute?
#====================================================================

[logging to runs/coupling\20260726-121853_trial_coupling_sweep.log]
density=0.300 (P=735)  input_gain=10.0 (FIXED)  genomes=3  trials=400
w0 multipliers on w0_for_density(0.300)=0.6000; 1.0 IS the project's current setting.
All quad uses k=10 for EVERY condition, so comparisons are matched.

   w0x0.25  intact   done   [70s elapsed, ~770s left]
   w0x0.25  ablated  done   [122s elapsed, ~612s left]
   w0x0.5   intact   done   [202s elapsed, ~605s left]
   w0x0.5   ablated  done   [258s elapsed, ~516s left]
   w0x1     intact   done   [335s elapsed, ~469s left]
   w0x1     ablated  done   [392s elapsed, ~392s left]
   w0x2     intact   done   [469s elapsed, ~335s left]
   w0x2     ablated  done   [528s elapsed, ~264s left]
   w0x4     intact   done   [604s elapsed, ~201s left]
   w0x4     ablated  done   [661s elapsed, ~132s left]
   w0x8     intact   done   [751s elapsed, ~68s left]
   w0x8     ablated  done   [807s elapsed, ~0s left]

  INTACT vs ABLATED  (ablated = recurrent connectivity zeroed, tau_slow retained)
  w0x   arm      | cue@delay |  quad  | quad_in | linear | loc_best (floor) |  PR/null | lowvar
  ------+--------+-----------+--------+---------+--------+------------------+----------+-------
  0.25  intact  |   1.000   | 0.794  |  0.839  | 0.490  | 0.561 (0.554)  |   0.36   | 0.000
  0.25  ablated |   1.000   | 0.788  |  0.842  | 0.505  | 0.559 (0.560)  |   0.37   | 0.000
  0.5   intact  |   1.000   | 0.792  |  0.851  | 0.504  | 0.549 (0.560)  |   0.38   | 0.000
  0.5   ablated |   1.000   | 0.775  |  0.836  | 0.487  | 0.551 (0.560)  |   0.38   | 0.000
  1     intact  |   1.000   | 0.799  |  0.853  | 0.462  | 0.561 (0.557)  |   0.38   | 0.000
  1     ablated |   1.000   | 0.800  |  0.825  | 0.489  | 0.553 (0.558)  |   0.38   | 0.000
  2     intact  |   0.998   | 0.784  |  0.806  | 0.482  | 0.547 (0.556)  |   0.44   | 0.007
  2     ablated |   1.000   | 0.778  |  0.837  | 0.487  | 0.547 (0.558)  |   0.40   | 0.000
  4     intact  |   0.997   | 0.840  |  0.837  | 0.558  | 0.562 (0.549)  |   0.43   | 0.007
  4     ablated |   1.000   | 0.792  |  0.812  | 0.497  | 0.555 (0.562)  |   0.35   | 0.000
  8     intact  |   0.965   | 0.664  |  0.704  | 0.495  | 0.550 (0.551)  |   0.39   | 0.160
  8     ablated |   1.000   | 0.791  |  0.845  | 0.495  | 0.558 (0.561)  |   0.42   | 0.000

  RECURRENCE CONTRIBUTION  (intact minus ablated; ~0 means connectivity adds nothing)
  w0x   | d cue@delay | d quad  | d linear | d loc_best |  d PR/null
  ------+-------------+---------+----------+------------+-----------
  0.25  |   +0.000    | +0.007  |  -0.015   |   +0.002    |   -0.00
  0.5   |   +0.000    | +0.017  |  +0.018   |   -0.002    |   -0.01
  1     |   +0.000    | -0.001  |  -0.028   |   +0.008    |   +0.00
  2     |   -0.002    | +0.006  |  -0.005   |   +0.000    |   +0.04
  4     |   -0.003    | +0.047  |  +0.061   |   +0.007    |   +0.08
  8     |   -0.035    | -0.127  |  +0.000   |   -0.008    |   -0.03

READ:
  Largest recurrence contribution: quad +0.047, memory +0.000.
  Recurrence DOES contribute. The coupling with the largest gap is the regime worth
  working in, and a P sweep should be re-run there before P is judged inert.
  loc_best never leaves its floor at any coupling, in either arm.

  Fixed density and input_gain; random undeveloped genomes; no selection, no development.
